<?xml version="1.0" encoding="UTF-8"?>
<Catch2TestRun name="unit_test_runner.exe" rng-seed="3537740451" xml-format-version="3" catch2-version="3.9.1">
  <TestCase name="invalid.gltf fails to load scene" tags="[gltf][invalid]" filename="D:\cod_users\setienne\level-editor-starter\tests\gltf_loader_tests.cpp" line="105">
    <OverallResult success="true" skips="0">
      <StdOut>
[ERROR] glTF Loader Error: Failed to parse glTF file: tests/test_assets/invalid.gltf
      </StdOut>
    </OverallResult>
  </TestCase>
  <TestCase name="MaterialParser parses passes array with single pass" tags="[material-parser][T302][unit]" filename="D:\cod_users\setienne\level-editor-starter\tests\material_parser_multipass_tests.cpp" line="12">
    <OverallResult success="true" skips="0"/>
  </TestCase>
  <TestCase name="resolveSceneAssets handles missing asset files gracefully" tags="[AF4][asset_resolution][error_handling]" filename="D:\cod_users\setienne\level-editor-starter\tests\asset_resolution_tests.cpp" line="188">
    <OverallResult success="true" skips="0"/>
  </TestCase>
  <TestCase name="MeshRenderingSystem can be created with renderer and ShaderManager" tags="[mesh_rendering_system][unit]" filename="D:\cod_users\setienne\level-editor-starter\tests\mesh_rendering_system_tests.cpp" line="13">
    <OverallResult success="true" skips="0">
      <StdOut>
[INFO] D3D12 debug layer configured with console output integration
[INFO] Shader Manager: Successfully compiled shader shaders/simple.hlsl (Vertex)
[INFO] Shader Manager: Successfully compiled shader shaders/simple.hlsl (Pixel)
[INFO] Shader Manager: Successfully compiled shader shaders/unlit.hlsl (Vertex)
[INFO] Shader Manager: Successfully compiled shader shaders/unlit.hlsl (Pixel)
[WARNING] MeshRenderingSystem: Created without SystemManager - parent-child hierarchy transforms will not work correctly
      </StdOut>
    </OverallResult>
  </TestCase>
  <TestCase name="GizmoSystem SelectionManager Integration" tags="[AF6.1][gizmos][integration]" filename="D:\cod_users\setienne\level-editor-starter\tests\gizmo_integration_tests.cpp" line="16">
    <Section name="Gizmo appears when objects are selected" filename="D:\cod_users\setienne\level-editor-starter\tests\gizmo_integration_tests.cpp" line="18">
      <OverallResults successes="5" failures="0" expectedFailures="0" skipped="false"/>
    </Section>
    <Section name="Gizmo disappears when selection is cleared" filename="D:\cod_users\setienne\level-editor-starter\tests\gizmo_integration_tests.cpp" line="46">
      <OverallResults successes="5" failures="0" expectedFailures="0" skipped="false"/>
    </Section>
    <Section name="Gizmo updates when selection changes" filename="D:\cod_users\setienne\level-editor-starter\tests\gizmo_integration_tests.cpp" line="75">
      <OverallResults successes="6" failures="0" expectedFailures="0" skipped="false"/>
    </Section>
    <OverallResult success="true" skips="0"/>
  </TestCase>
  <TestCase name="GizmoSystem - Rotation Delta Units Issue" tags="[bug][gizmos][rotation][units]" filename="D:\cod_users\setienne\level-editor-starter\tests\gizmo_integration_tests.cpp" line="575">
    <Section name="Rotation deltas from renderGizmo are converted from degrees to radians" filename="D:\cod_users\setienne\level-editor-starter\tests\gizmo_integration_tests.cpp" line="577">
      <OverallResults successes="2" failures="0" expectedFailures="0" skipped="false"/>
    </Section>
    <OverallResult success="true" skips="0"/>
  </TestCase>
  <TestCase name="MaterialShaderCompiler compiles shader with merged hierarchical defines" tags="[shader-compiler][T012][unit]" filename="D:\cod_users\setienne\level-editor-starter\tests\material_system_tests.cpp" line="1133">
    <OverallResult success="true" skips="0"/>
  </TestCase>
  <TestCase name="Win32Window ImGui input integration" tags="[imgui][win32][window]" filename="D:\cod_users\setienne\level-editor-starter\tests\win32_window_tests.cpp" line="452">
    <Section name="Mouse events still processed" filename="D:\cod_users\setienne\level-editor-starter\tests\win32_window_tests.cpp" line="466">
      <OverallResults successes="8" failures="0" expectedFailures="0" skipped="false"/>
    </Section>
    <Section name="Keyboard events still processed" filename="D:\cod_users\setienne\level-editor-starter\tests\win32_window_tests.cpp" line="496">
      <OverallResults successes="9" failures="0" expectedFailures="0" skipped="false"/>
    </Section>
    <Section name="Window procedure calls ImGui handler safely" filename="D:\cod_users\setienne\level-editor-starter\tests\win32_window_tests.cpp" line="527">
      <OverallResults successes="6" failures="0" expectedFailures="0" skipped="false"/>
    </Section>
    <OverallResult success="true" skips="0"/>
  </TestCase>
  <TestCase name="Quaternion Euler angle conversions" tags="[quaternion]" filename="D:\cod_users\setienne\level-editor-starter\tests\quat_tests.cpp" line="184">
    <Section name="Euler angles construction and conversion" filename="D:\cod_users\setienne\level-editor-starter\tests\quat_tests.cpp" line="186">
      <OverallResults successes="3" failures="0" expectedFailures="0" skipped="false"/>
    </Section>
    <OverallResult success="true" skips="0"/>
  </TestCase>
  <TestCase name="Vec3 swizzle accessors" tags="[math][swizzle][vec3]" filename="D:\cod_users\setienne\level-editor-starter\tests\vec_tests.cpp" line="158">
    <Section name="2D swizzles" filename="D:\cod_users\setienne\level-editor-starter\tests\vec_tests.cpp" line="162">
      <OverallResults successes="6" failures="0" expectedFailures="0" skipped="false"/>
    </Section>
    <OverallResult success="true" skips="0"/>
  </TestCase>
  <TestCase name="Gizmo Selection Integration - Transform Update Propagation" tags="[gizmos][integration][picking][selection]" filename="D:\cod_users\setienne\level-editor-starter\tests\gizmo_selection_integration_test.cpp" line="17">
    <Section name="Selection works correctly after gizmo transform application" filename="D:\cod_users\setienne\level-editor-starter\tests\gizmo_selection_integration_test.cpp" line="19">
      <OverallResults successes="17" failures="0" expectedFailures="0" skipped="false"/>
    </Section>
    <Section name="Demonstrates the fix with proper SystemManager integration" filename="D:\cod_users\setienne\level-editor-starter\tests\gizmo_selection_integration_test.cpp" line="115">
      <OverallResults successes="7" failures="0" expectedFailures="0" skipped="false"/>
    </Section>
    <OverallResult success="true" skips="0"/>
  </TestCase>
  <TestCase name="Grid Settings Default Values" tags="[grid][ui]" filename="D:\cod_users\setienne\level-editor-starter\tests\ui_tests.cpp" line="556">
    <Section name="UI grid settings window interface is available" filename="D:\cod_users\setienne\level-editor-starter\tests\ui_tests.cpp" line="563">
      <OverallResults successes="3" failures="0" expectedFailures="0" skipped="false"/>
    </Section>
    <OverallResult success="true" skips="0"/>
  </TestCase>
  <TestCase name="Gizmo operation switching preserves selection" tags="[gizmos][integration-fix][selection]" filename="D:\cod_users\setienne\level-editor-starter\tests\gizmo_operation_switching_tests.cpp" line="9">
    <Section name="Selection remains active when switching gizmo operations" filename="D:\cod_users\setienne\level-editor-starter\tests\gizmo_operation_switching_tests.cpp" line="11">
      <OverallResults successes="6" failures="0" expectedFailures="0" skipped="false"/>
    </Section>
    <Section name="Multiple operation switches preserve selection" filename="D:\cod_users\setienne\level-editor-starter\tests\gizmo_operation_switching_tests.cpp" line="39">
      <OverallResults successes="7" failures="0" expectedFailures="0" skipped="false"/>
    </Section>
    <Section name="Coordinate space and visibility toggles preserve selection" filename="D:\cod_users\setienne\level-editor-starter\tests\gizmo_operation_switching_tests.cpp" line="71">
      <OverallResults successes="4" failures="0" expectedFailures="0" skipped="false"/>
    </Section>
    <OverallResult success="true" skips="0"/>
  </TestCase>
  <TestCase name="StateBlockParser parses StencilOp strings correctly" tags="[state-parser][T205][unit]" filename="D:\cod_users\setienne\level-editor-starter\tests\material_system_tests.cpp" line="2796">
    <OverallResult success="true" skips="0"/>
  </TestCase>
  <TestCase name="Quaternion rotation operations" tags="[quaternion]" filename="D:\cod_users\setienne\level-editor-starter\tests\quat_tests.cpp" line="136">
    <Section name="Axis-angle construction" filename="D:\cod_users\setienne\level-editor-starter\tests\quat_tests.cpp" line="138">
      <OverallResults successes="4" failures="0" expectedFailures="0" skipped="false"/>
    </Section>
    <Section name="Vector rotation" filename="D:\cod_users\setienne\level-editor-starter\tests\quat_tests.cpp" line="152">
      <OverallResults successes="3" failures="0" expectedFailures="0" skipped="false"/>
    </Section>
    <Section name="Axis-angle conversion" filename="D:\cod_users\setienne\level-editor-starter\tests\quat_tests.cpp" line="168">
      <OverallResults successes="4" failures="0" expectedFailures="0" skipped="false"/>
    </Section>
    <OverallResult success="true" skips="0"/>
  </TestCase>
  <TestCase name="MeshRenderingSystem update method can be called without error" tags="[mesh_rendering_system][unit]" filename="D:\cod_users\setienne\level-editor-starter\tests\mesh_rendering_system_tests.cpp" line="26">
    <OverallResult success="true" skips="0">
      <StdOut>
[INFO] D3D12 debug layer configured with console output integration
[INFO] Shader Manager: Successfully compiled shader shaders/simple.hlsl (Vertex)
[INFO] Shader Manager: Successfully compiled shader shaders/simple.hlsl (Pixel)
[INFO] Shader Manager: Successfully compiled shader shaders/unlit.hlsl (Vertex)
[INFO] Shader Manager: Successfully compiled shader shaders/unlit.hlsl (Pixel)
[WARNING] MeshRenderingSystem: Created without SystemManager - parent-child hierarchy transforms will not work correctly
      </StdOut>
    </OverallResult>
  </TestCase>
  <TestCase name="Win32Window getInstance non-null and idle poll" tags="[win32][window]" filename="D:\cod_users\setienne\level-editor-starter\tests\win32_window_tests.cpp" line="375">
    <OverallResult success="true" skips="0"/>
  </TestCase>
  <TestCase name="MaterialParser defaults primitiveTopology to TRIANGLE when absent" tags="[material-parser][T212][unit]" filename="D:\cod_users\setienne\level-editor-starter\tests\material_system_tests.cpp" line="3483">
    <OverallResult success="true" skips="0"/>
  </TestCase>
  <TestCase name="ViewportFactory Standard Layout" tags="[factory][viewport]" filename="D:\cod_users\setienne\level-editor-starter\tests\viewport_tests.cpp" line="315">
    <Section name="Create standard 4-viewport layout" filename="D:\cod_users\setienne\level-editor-starter\tests\viewport_tests.cpp" line="324">
      <OverallResults successes="10" failures="0" expectedFailures="0" skipped="false"/>
    </Section>
    <Section name="Create single viewport" filename="D:\cod_users\setienne\level-editor-starter\tests\viewport_tests.cpp" line="342">
      <OverallResults successes="4" failures="0" expectedFailures="0" skipped="false"/>
    </Section>
    <OverallResult success="true" skips="0">
      <StdOut>
[INFO] D3D12 debug layer configured with console output integration
[ERROR] GridRenderer: MaterialSystem is required for data-driven rendering
[ERROR] Failed to initialize grid renderer for viewport
[WARNING] Failed to initialize grid for viewport, grid rendering will not be available
[ERROR] GridRenderer: MaterialSystem is required for data-driven rendering
[ERROR] Failed to initialize grid renderer for viewport
[WARNING] Failed to initialize grid for viewport, grid rendering will not be available
[ERROR] GridRenderer: MaterialSystem is required for data-driven rendering
[ERROR] Failed to initialize grid renderer for viewport
[WARNING] Failed to initialize grid for viewport, grid rendering will not be available
[ERROR] GridRenderer: MaterialSystem is required for data-driven rendering
[ERROR] Failed to initialize grid renderer for viewport
[WARNING] Failed to initialize grid for viewport, grid rendering will not be available
[INFO] D3D12 debug layer configured with console output integration
[ERROR] GridRenderer: MaterialSystem is required for data-driven rendering
[ERROR] Failed to initialize grid renderer for viewport
[WARNING] Failed to initialize grid for viewport, grid rendering will not be available
      </StdOut>
    </OverallResult>
  </TestCase>
  <TestCase name="3D Geometric Calculations" tags="[3d][geometry]" filename="D:\cod_users\setienne\level-editor-starter\tests\math_3d_tests.cpp" line="176">
    <Section name="Tetrahedron Volume" filename="D:\cod_users\setienne\level-editor-starter\tests\math_3d_tests.cpp" line="178">
      <OverallResults successes="1" failures="0" expectedFailures="0" skipped="false"/>
    </Section>
    <Section name="Triangle Area 3D" filename="D:\cod_users\setienne\level-editor-starter\tests\math_3d_tests.cpp" line="189">
      <OverallResults successes="1" failures="0" expectedFailures="0" skipped="false"/>
    </Section>
    <Section name="Triangle Normal" filename="D:\cod_users\setienne\level-editor-starter\tests\math_3d_tests.cpp" line="199">
      <OverallResults successes="3" failures="0" expectedFailures="0" skipped="false"/>
    </Section>
    <Section name="Barycentric Coordinates 3D" filename="D:\cod_users\setienne\level-editor-starter\tests\math_3d_tests.cpp" line="211">
      <OverallResults successes="6" failures="0" expectedFailures="0" skipped="false"/>
    </Section>
    <OverallResult success="true" skips="0"/>
  </TestCase>
  <TestCase name="EditorConfig load handles malformed JSON" tags="[editor-config][unit]" filename="D:\cod_users\setienne\level-editor-starter\tests\editor_config_tests.cpp" line="70">
    <OverallResult success="true" skips="0">
      <StdOut>
[ERROR] Failed to parse config file test_malformed_config.json: [json.exception.parse_error.101] parse error at line 1, column 4: syntax error while parsing object key - invalid literal; last read: '{ th'; expected string literal
      </StdOut>
    </OverallResult>
  </TestCase>
  <TestCase name="Validator enforces parameter type constraints" tags="[material-system][T006][validation]" filename="D:\cod_users\setienne\level-editor-starter\tests\material_system_tests.cpp" line="271">
    <Section name="Valid parameter types are accepted" filename="D:\cod_users\setienne\level-editor-starter\tests\material_system_tests.cpp" line="275">
      <OverallResults successes="4" failures="0" expectedFailures="0" skipped="false"/>
    </Section>
    <Section name="Invalid parameter type rejected - string not allowed" filename="D:\cod_users\setienne\level-editor-starter\tests\material_system_tests.cpp" line="310">
      <OverallResults successes="1" failures="0" expectedFailures="0" skipped="false"/>
    </Section>
    <Section name="Invalid parameter type rejected - array not allowed" filename="D:\cod_users\setienne\level-editor-starter\tests\material_system_tests.cpp" line="322">
      <OverallResults successes="1" failures="0" expectedFailures="0" skipped="false"/>
    </Section>
    <Section name="Missing type field fails validation" filename="D:\cod_users\setienne\level-editor-starter\tests\material_system_tests.cpp" line="334">
      <OverallResults successes="1" failures="0" expectedFailures="0" skipped="false"/>
    </Section>
    <Section name="Default value type mismatch - int default for float param" filename="D:\cod_users\setienne\level-editor-starter\tests\material_system_tests.cpp" line="345">
      <OverallResults successes="1" failures="0" expectedFailures="0" skipped="false"/>
    </Section>
    <Section name="Default value type mismatch - string default for bool param" filename="D:\cod_users\setienne\level-editor-starter\tests\material_system_tests.cpp" line="361">
      <OverallResults successes="1" failures="0" expectedFailures="0" skipped="false"/>
    </Section>
    <Section name="Default value type mismatch - number for float4 param" filename="D:\cod_users\setienne\level-editor-starter\tests\material_system_tests.cpp" line="373">
      <OverallResults successes="1" failures="0" expectedFailures="0" skipped="false"/>
    </Section>
    <Section name="float4 default must have exactly 4 elements" filename="D:\cod_users\setienne\level-editor-starter\tests\material_system_tests.cpp" line="385">
      <OverallResults successes="2" failures="0" expectedFailures="0" skipped="false"/>
    </Section>
    <OverallResult success="true" skips="0">
      <StdOut>
[ERROR] Parameter validation failed: invalid type 'string'. Allowed types: float, int, bool, float4
[ERROR] Parameter validation failed: invalid type 'array'. Allowed types: float, int, bool, float4
[ERROR] Parameter validation failed: missing 'type' field
[ERROR] Parameter validation failed: default value for 'bool' must be a boolean
[ERROR] Parameter validation failed: default value for 'float4' must be an array
[ERROR] Parameter validation failed: default value for 'float4' must have exactly 4 elements, got 3
[ERROR] Parameter validation failed: default value for 'float4' must have exactly 4 elements, got 5
      </StdOut>
    </OverallResult>
  </TestCase>
  <TestCase name="MeshRenderingSystem renderEntity handles empty MeshRenderer without crashing" tags="[mesh_rendering_system][unit]" filename="D:\cod_users\setienne\level-editor-starter\tests\mesh_rendering_system_tests.cpp" line="90">
    <OverallResult success="true" skips="0">
      <StdOut>
[INFO] D3D12 debug layer configured with console output integration
[INFO] Shader Manager: Successfully compiled shader shaders/simple.hlsl (Vertex)
[INFO] Shader Manager: Successfully compiled shader shaders/simple.hlsl (Pixel)
[INFO] Shader Manager: Successfully compiled shader shaders/unlit.hlsl (Vertex)
[INFO] Shader Manager: Successfully compiled shader shaders/unlit.hlsl (Pixel)
[WARNING] MeshRenderingSystem: Created without SystemManager - parent-child hierarchy transforms will not work correctly
      </StdOut>
    </OverallResult>
  </TestCase>
  <TestCase name="SceneImporter imports scene with single mesh node" tags="[basic][scene_importer]" filename="D:\cod_users\setienne\level-editor-starter\tests\scene_importer_tests.cpp" line="19">
    <OverallResult success="true" skips="0"/>
  </TestCase>
  <TestCase name="Reparenting - Child retains world position when moved to new parent" tags="[hierarchy][preserve][reparenting][transform]" filename="D:\cod_users\setienne\level-editor-starter\tests\reparenting_transform_tests.cpp" line="6">
    <OverallResult success="true" skips="0"/>
  </TestCase>
  <TestCase name="Console logging integration for material system" tags="[material-system][setup]" filename="D:\cod_users\setienne\level-editor-starter\tests\material_system_tests.cpp" line="60">
    <Section name="Console error and warning functions are available" filename="D:\cod_users\setienne\level-editor-starter\tests\material_system_tests.cpp" line="62">
      <OverallResults successes="1" failures="0" expectedFailures="0" skipped="false"/>
    </Section>
    <OverallResult success="true" skips="0"/>
  </TestCase>
  <TestCase name="AssetManager integration with GLTFLoader" tags="[AssetManager][integration]" filename="D:\cod_users\setienne\level-editor-starter\tests\asset_manager_tests.cpp" line="154">
    <Section name="Store externally loaded scene" filename="D:\cod_users\setienne\level-editor-starter\tests\asset_manager_tests.cpp" line="159">
      <OverallResults successes="3" failures="0" expectedFailures="0" skipped="false"/>
    </Section>
    <OverallResult success="true" skips="0"/>
  </TestCase>
  <TestCase name="MeshGPU handles mesh with empty primitives" tags="[error][gpu][mesh][unit]" filename="D:\cod_users\setienne\level-editor-starter\tests\gpu_buffer_tests.cpp" line="131">
    <OverallResult success="true" skips="0">
      <StdOut>
[INFO] D3D12 debug layer configured with console output integration
[ERROR] Cannot create vertex buffer for empty primitive
[ERROR] Cannot create index buffer for empty primitive
[ERROR] Failed to create GPU buffers for a primitive in mesh
[ERROR] Some primitive buffers failed to create. Expected: 2, Created: 1
      </StdOut>
    </OverallResult>
  </TestCase>
  <TestCase name="Mat4 fromEulerAngles creates composite rotation matrix" tags="[euler][mat4][math][matrix][rotation]" filename="D:\cod_users\setienne\level-editor-starter\tests\matrix_tests.cpp" line="466">
    <Section name="Zero rotations produce identity matrix" filename="D:\cod_users\setienne\level-editor-starter\tests\matrix_tests.cpp" line="468">
      <OverallResults successes="16" failures="0" expectedFailures="0" skipped="false"/>
    </Section>
    <Section name="Euler angles round-trip correctly" filename="D:\cod_users\setienne\level-editor-starter\tests\matrix_tests.cpp" line="491">
      <OverallResults successes="3" failures="0" expectedFailures="0" skipped="false"/>
    </Section>
    <Section name="Single axis rotations match individual rotation functions" filename="D:\cod_users\setienne\level-editor-starter\tests\matrix_tests.cpp" line="511">
      <OverallResults successes="12" failures="0" expectedFailures="0" skipped="false"/>
    </Section>
    <OverallResult success="true" skips="0"/>
  </TestCase>
  <TestCase name="SelectionRenderer - Construction" tags="[construction][selection-renderer]" filename="D:\cod_users\setienne\level-editor-starter\tests\selection_renderer_tests.cpp" line="73">
    <Section name="Basic construction succeeds" filename="D:\cod_users\setienne\level-editor-starter\tests\selection_renderer_tests.cpp" line="78">
      <OverallResults successes="1" failures="0" expectedFailures="0" skipped="false"/>
    </Section>
    <Section name="Style accessors work" filename="D:\cod_users\setienne\level-editor-starter\tests\selection_renderer_tests.cpp" line="83">
      <OverallResults successes="3" failures="0" expectedFailures="0" skipped="false"/>
    </Section>
    <OverallResult success="true" skips="0">
      <StdOut>
[INFO] Shader Manager: Successfully compiled shader shaders/selection_outline.hlsl (Vertex)
[INFO] Shader Manager: Successfully compiled shader shaders/selection_outline.hlsl (Pixel)
[INFO] Shader Manager: Successfully compiled shader shaders/selection_rect.hlsl (Vertex)
[INFO] Shader Manager: Successfully compiled shader shaders/selection_rect.hlsl (Pixel)
[INFO] Shader Manager: Successfully compiled shader shaders/selection_outline.hlsl (Vertex)
[INFO] Shader Manager: Successfully compiled shader shaders/selection_outline.hlsl (Pixel)
[INFO] Shader Manager: Successfully compiled shader shaders/selection_rect.hlsl (Vertex)
[INFO] Shader Manager: Successfully compiled shader shaders/selection_rect.hlsl (Pixel)
      </StdOut>
    </OverallResult>
  </TestCase>
  <TestCase name="SceneImporter sets MeshRenderer bounds from mesh with single primitive" tags="[bounds][scene_importer]" filename="D:\cod_users\setienne\level-editor-starter\tests\scene_importer_tests.cpp" line="269">
    <OverallResult success="true" skips="0"/>
  </TestCase>
  <TestCase name="TransformSystem hierarchy updates" tags="[hierarchy][systems][transform]" filename="D:\cod_users\setienne\level-editor-starter\tests\systems_tests.cpp" line="34">
    <OverallResult success="true" skips="0"/>
  </TestCase>
  <TestCase name="RootSignatureBuilder generates spec with multiple bindings sorted by name" tags="[root-signature][T013][unit]" filename="D:\cod_users\setienne\level-editor-starter\tests\material_system_tests.cpp" line="1236">
    <OverallResult success="true" skips="0"/>
  </TestCase>
  <TestCase name="Win32Window double create prevented" tags="[win32][window]" filename="D:\cod_users\setienne\level-editor-starter\tests\win32_window_tests.cpp" line="413">
    <OverallResult success="true" skips="0"/>
  </TestCase>
  <TestCase name="SceneImporter populates meshPath from asset scene path" tags="[AF1][meshpath][scene_importer]" filename="D:\cod_users\setienne\level-editor-starter\tests\scene_importer_tests.cpp" line="490">
    <OverallResult success="true" skips="0"/>
  </TestCase>
  <TestCase name="SceneNode Tests" tags="[assets][node][scene]" filename="D:\cod_users\setienne\level-editor-starter\tests\assets_tests.cpp" line="223">
    <Section name="SceneNode default construction" filename="D:\cod_users\setienne\level-editor-starter\tests\assets_tests.cpp" line="226">
      <OverallResults successes="5" failures="0" expectedFailures="0" skipped="false"/>
    </Section>
    <Section name="SceneNode named construction" filename="D:\cod_users\setienne\level-editor-starter\tests\assets_tests.cpp" line="238">
      <OverallResults successes="5" failures="0" expectedFailures="0" skipped="false"/>
    </Section>
    <Section name="SceneNode with content" filename="D:\cod_users\setienne\level-editor-starter\tests\assets_tests.cpp" line="251">
      <OverallResults successes="9" failures="0" expectedFailures="0" skipped="false"/>
    </Section>
    <OverallResult success="true" skips="0"/>
  </TestCase>
  <TestCase name="Render State" tags="[renderer]" filename="D:\cod_users\setienne\level-editor-starter\tests\renderer_tests.cpp" line="90">
    <Section name="Default render state" filename="D:\cod_users\setienne\level-editor-starter\tests\renderer_tests.cpp" line="92">
      <OverallResults successes="5" failures="0" expectedFailures="0" skipped="false"/>
    </Section>
    <Section name="Wireframe state" filename="D:\cod_users\setienne\level-editor-starter\tests\renderer_tests.cpp" line="108">
      <OverallResults successes="1" failures="0" expectedFailures="0" skipped="false"/>
    </Section>
    <Section name="Depth state modifications" filename="D:\cod_users\setienne\level-editor-starter\tests\renderer_tests.cpp" line="117">
      <OverallResults successes="2" failures="0" expectedFailures="0" skipped="false"/>
    </Section>
    <OverallResult success="true" skips="0"/>
  </TestCase>
  <TestCase name="PrimitiveGPU constructor without MaterialGPU has no material" tags="[gpu][material][primitive][unit]" filename="D:\cod_users\setienne\level-editor-starter\tests\gpu_buffer_tests.cpp" line="246">
    <OverallResult success="true" skips="0">
      <StdOut>
[INFO] D3D12 debug layer configured with console output integration
      </StdOut>
    </OverallResult>
  </TestCase>
  <TestCase name="StateBlockParser parses BlendStateBlock from JSON" tags="[state-parser][T205][unit]" filename="D:\cod_users\setienne\level-editor-starter\tests\material_system_tests.cpp" line="2915">
    <OverallResult success="true" skips="0"/>
  </TestCase>
  <TestCase name="UI integration initialization and frame loop" tags="[integration][ui]" filename="D:\cod_users\setienne\level-editor-starter\tests\ui_tests.cpp" line="325">
    <Section name="Multiple frames do not crash and maintain layout" filename="D:\cod_users\setienne\level-editor-starter\tests\ui_tests.cpp" line="337">
      <OverallResults successes="11" failures="0" expectedFailures="0" skipped="false"/>
    </Section>
    <Section name="Shutdown resets capture flags" filename="D:\cod_users\setienne\level-editor-starter\tests\ui_tests.cpp" line="354">
      <OverallResults successes="7" failures="0" expectedFailures="0" skipped="false"/>
    </Section>
    <OverallResult success="true" skips="0">
      <StdOut>
[INFO] D3D12 debug layer configured with console output integration
[ERROR] GridRenderer: MaterialSystem is required for data-driven rendering
[ERROR] Failed to initialize grid renderer for viewport
[WARNING] Failed to initialize grid for viewport, grid rendering will not be available
[ERROR] GridRenderer: MaterialSystem is required for data-driven rendering
[ERROR] Failed to initialize grid renderer for viewport
[WARNING] Failed to initialize grid for viewport, grid rendering will not be available
[ERROR] GridRenderer: MaterialSystem is required for data-driven rendering
[ERROR] Failed to initialize grid renderer for viewport
[WARNING] Failed to initialize grid for viewport, grid rendering will not be available
[ERROR] GridRenderer: MaterialSystem is required for data-driven rendering
[ERROR] Failed to initialize grid renderer for viewport
[WARNING] Failed to initialize grid for viewport, grid rendering will not be available
[INFO] Loaded config from: editor_config.json
[INFO] Saved config to: editor_config.json
[INFO] D3D12 debug layer configured with console output integration
[ERROR] GridRenderer: MaterialSystem is required for data-driven rendering
[ERROR] Failed to initialize grid renderer for viewport
[WARNING] Failed to initialize grid for viewport, grid rendering will not be available
[ERROR] GridRenderer: MaterialSystem is required for data-driven rendering
[ERROR] Failed to initialize grid renderer for viewport
[WARNING] Failed to initialize grid for viewport, grid rendering will not be available
[ERROR] GridRenderer: MaterialSystem is required for data-driven rendering
[ERROR] Failed to initialize grid renderer for viewport
[WARNING] Failed to initialize grid for viewport, grid rendering will not be available
[ERROR] GridRenderer: MaterialSystem is required for data-driven rendering
[ERROR] Failed to initialize grid renderer for viewport
[WARNING] Failed to initialize grid for viewport, grid rendering will not be available
[INFO] Loaded config from: editor_config.json
[INFO] Saved config to: editor_config.json
      </StdOut>
    </OverallResult>
  </TestCase>
  <TestCase name="configureMaterials properly setup materials" tags="[gpu_resource_manager][material][mesh][unit]" filename="D:\cod_users\setienne\level-editor-starter\tests\gpu_resource_manager_tests.cpp" line="199">
    <OverallResult success="true" skips="0">
      <StdOut>
[INFO] D3D12 debug layer configured with console output integration
[INFO] GPUResourceManager initialized successfully
      </StdOut>
    </OverallResult>
  </TestCase>
  <TestCase name="DepthStencilOpDesc converts to D3D12 descriptor correctly" tags="[state-blocks][T204][unit]" filename="D:\cod_users\setienne\level-editor-starter\tests\material_system_tests.cpp" line="2601">
    <OverallResult success="true" skips="0"/>
  </TestCase>
  <TestCase name="Slerp basics" tags="[math][slerp]" filename="D:\cod_users\setienne\level-editor-starter\tests\vec_tests.cpp" line="132">
    <OverallResult success="true" skips="0"/>
  </TestCase>
  <TestCase name="Mat3 fromEulerAngles creates composite rotation matrix" tags="[euler][mat3][math][matrix][rotation]" filename="D:\cod_users\setienne\level-editor-starter\tests\matrix_tests.cpp" line="403">
    <Section name="Zero rotations produce identity matrix" filename="D:\cod_users\setienne\level-editor-starter\tests\matrix_tests.cpp" line="405">
      <OverallResults successes="9" failures="0" expectedFailures="0" skipped="false"/>
    </Section>
    <Section name="Euler angles round-trip correctly" filename="D:\cod_users\setienne\level-editor-starter\tests\matrix_tests.cpp" line="421">
      <OverallResults successes="3" failures="0" expectedFailures="0" skipped="false"/>
    </Section>
    <Section name="Single axis rotations match individual rotation functions" filename="D:\cod_users\setienne\level-editor-starter\tests\matrix_tests.cpp" line="439">
      <OverallResults successes="9" failures="0" expectedFailures="0" skipped="false"/>
    </Section>
    <OverallResult success="true" skips="0"/>
  </TestCase>
  <TestCase name="EntityInspectorPanel - Entity with Name component can be inspected" tags="[entity_inspector][name][T2.4][unit]" filename="D:\cod_users\setienne\level-editor-starter\tests\entity_inspector_tests.cpp" line="178">
    <OverallResult success="true" skips="0"/>
  </TestCase>
  <TestCase name="GizmoUI snap settings controls" tags="[AF5.4][gizmos][snap][ui]" filename="D:\cod_users\setienne\level-editor-starter\tests\gizmos_tests.cpp" line="832">
    <Section name="Snap settings can be modified through UI" filename="D:\cod_users\setienne\level-editor-starter\tests\gizmos_tests.cpp" line="834">
      <OverallResults successes="8" failures="0" expectedFailures="0" skipped="false"/>
    </Section>
    <OverallResult success="true" skips="0"/>
  </TestCase>
  <TestCase name="Quadratic easing functions" tags="[animation][math]" filename="D:\cod_users\setienne\level-editor-starter\tests\animation_tests.cpp" line="11">
    <Section name="easeInQuad boundary conditions" filename="D:\cod_users\setienne\level-editor-starter\tests\animation_tests.cpp" line="13">
      <OverallResults successes="2" failures="0" expectedFailures="0" skipped="false"/>
    </Section>
    <Section name="easeInQuad monotonic increasing" filename="D:\cod_users\setienne\level-editor-starter\tests\animation_tests.cpp" line="19">
      <OverallResults successes="4" failures="0" expectedFailures="0" skipped="false"/>
    </Section>
    <Section name="easeInQuad mathematical correctness" filename="D:\cod_users\setienne\level-editor-starter\tests\animation_tests.cpp" line="30">
      <OverallResults successes="2" failures="0" expectedFailures="0" skipped="false"/>
    </Section>
    <Section name="easeOutQuad boundary conditions" filename="D:\cod_users\setienne\level-editor-starter\tests\animation_tests.cpp" line="36">
      <OverallResults successes="2" failures="0" expectedFailures="0" skipped="false"/>
    </Section>
    <Section name="easeOutQuad monotonic increasing" filename="D:\cod_users\setienne\level-editor-starter\tests\animation_tests.cpp" line="42">
      <OverallResults successes="4" failures="0" expectedFailures="0" skipped="false"/>
    </Section>
    <Section name="easeInOutQuad boundary conditions" filename="D:\cod_users\setienne\level-editor-starter\tests\animation_tests.cpp" line="53">
      <OverallResults successes="3" failures="0" expectedFailures="0" skipped="false"/>
    </Section>
    <Section name="easeInOutQuad symmetry" filename="D:\cod_users\setienne\level-editor-starter\tests\animation_tests.cpp" line="60">
      <OverallResults successes="4" failures="0" expectedFailures="0" skipped="false"/>
    </Section>
    <OverallResult success="true" skips="0"/>
  </TestCase>
  <TestCase name="MaterialPass supports pass-specific parameters" tags="[material-pass][T301][unit]" filename="D:\cod_users\setienne\level-editor-starter\tests\material_pass_tests.cpp" line="120">
    <OverallResult success="true" skips="0"/>
  </TestCase>
  <TestCase name="MeshRenderingSystem integration with asset managers" tags="[integration][mesh-rendering]" filename="D:\cod_users\setienne\level-editor-starter\tests\asset_rendering_integration_tests.cpp" line="46">
    <Section name="MeshRenderingSystem can be created with renderer" filename="D:\cod_users\setienne\level-editor-starter\tests\asset_rendering_integration_tests.cpp" line="48">
      <OverallResults successes="2" failures="0" expectedFailures="0" skipped="false"/>
    </Section>
    <Section name="SystemManager can add MeshRenderingSystem" filename="D:\cod_users\setienne\level-editor-starter\tests\asset_rendering_integration_tests.cpp" line="65">
      <OverallResults successes="3" failures="0" expectedFailures="0" skipped="false"/>
    </Section>
    <OverallResult success="true" skips="0">
      <StdOut>
[INFO] D3D12 debug layer configured with console output integration
[INFO] Shader Manager: Successfully compiled shader shaders/simple.hlsl (Vertex)
[INFO] Shader Manager: Successfully compiled shader shaders/simple.hlsl (Pixel)
[INFO] Shader Manager: Successfully compiled shader shaders/unlit.hlsl (Vertex)
[INFO] Shader Manager: Successfully compiled shader shaders/unlit.hlsl (Pixel)
[WARNING] MeshRenderingSystem: Created without SystemManager - parent-child hierarchy transforms will not work correctly
[INFO] D3D12 debug layer configured with console output integration
[INFO] Shader Manager: Successfully compiled shader shaders/simple.hlsl (Vertex)
[INFO] Shader Manager: Successfully compiled shader shaders/simple.hlsl (Pixel)
[INFO] Shader Manager: Successfully compiled shader shaders/unlit.hlsl (Vertex)
[INFO] Shader Manager: Successfully compiled shader shaders/unlit.hlsl (Pixel)
[WARNING] MeshRenderingSystem: Created without SystemManager - parent-child hierarchy transforms will not work correctly
      </StdOut>
    </OverallResult>
  </TestCase>
  <TestCase name="Vec2 angle conversion (radians/degrees)" tags="[angles][math][vec2]" filename="D:\cod_users\setienne\level-editor-starter\tests\vec_tests.cpp" line="387">
    <OverallResult success="true" skips="0"/>
  </TestCase>
  <TestCase name="SceneHierarchyPanel - Focus calculates entity bounds from Transform" tags="[scene_hierarchy][T1.7][unit]" filename="D:\cod_users\setienne\level-editor-starter\tests\scene_hierarchy_tests.cpp" line="717">
    <OverallResult success="true" skips="0"/>
  </TestCase>
  <TestCase name="Win32Window WM_QUIT sets shouldClose" tags="[win32][window]" filename="D:\cod_users\setienne\level-editor-starter\tests\win32_window_tests.cpp" line="391">
    <OverallResult success="true" skips="0"/>
  </TestCase>
  <TestCase name="3D Point-in-Shape Tests" tags="[3d][geometry]" filename="D:\cod_users\setienne\level-editor-starter\tests\math_3d_tests.cpp" line="12">
    <Section name="Point in Sphere" filename="D:\cod_users\setienne\level-editor-starter\tests\math_3d_tests.cpp" line="14">
      <OverallResults successes="5" failures="0" expectedFailures="0" skipped="false"/>
    </Section>
    <Section name="Point in AABB" filename="D:\cod_users\setienne\level-editor-starter\tests\math_3d_tests.cpp" line="26">
      <OverallResults successes="6" failures="0" expectedFailures="0" skipped="false"/>
    </Section>
    <Section name="Point in Tetrahedron" filename="D:\cod_users\setienne\level-editor-starter\tests\math_3d_tests.cpp" line="39">
      <OverallResults successes="4" failures="0" expectedFailures="0" skipped="false"/>
    </Section>
    <OverallResult success="true" skips="0"/>
  </TestCase>
  <TestCase name="getBaseFilename extracts base filename from path" tags="[strings][unit]" filename="D:\cod_users\setienne\level-editor-starter\tests\string_util_tests.cpp" line="5">
    <Section name="Normal path with directory and extension" filename="D:\cod_users\setienne\level-editor-starter\tests\string_util_tests.cpp" line="7">
      <OverallResults successes="1" failures="0" expectedFailures="0" skipped="false"/>
    </Section>
    <Section name="Path with multiple directory levels" filename="D:\cod_users\setienne\level-editor-starter\tests\string_util_tests.cpp" line="14">
      <OverallResults successes="1" failures="0" expectedFailures="0" skipped="false"/>
    </Section>
    <Section name="Path with backslashes" filename="D:\cod_users\setienne\level-editor-starter\tests\string_util_tests.cpp" line="21">
      <OverallResults successes="1" failures="0" expectedFailures="0" skipped="false"/>
    </Section>
    <Section name="Path with mixed slashes" filename="D:\cod_users\setienne\level-editor-starter\tests\string_util_tests.cpp" line="28">
      <OverallResults successes="1" failures="0" expectedFailures="0" skipped="false"/>
    </Section>
    <Section name="Simple filename without directory" filename="D:\cod_users\setienne\level-editor-starter\tests\string_util_tests.cpp" line="35">
      <OverallResults successes="1" failures="0" expectedFailures="0" skipped="false"/>
    </Section>
    <Section name="Filename without extension" filename="D:\cod_users\setienne\level-editor-starter\tests\string_util_tests.cpp" line="42">
      <OverallResults successes="1" failures="0" expectedFailures="0" skipped="false"/>
    </Section>
    <Section name="Filename with multiple dots" filename="D:\cod_users\setienne\level-editor-starter\tests\string_util_tests.cpp" line="49">
      <OverallResults successes="1" failures="0" expectedFailures="0" skipped="false"/>
    </Section>
    <Section name="Empty string" filename="D:\cod_users\setienne\level-editor-starter\tests\string_util_tests.cpp" line="56">
      <OverallResults successes="1" failures="0" expectedFailures="0" skipped="false"/>
    </Section>
    <Section name="Path with only directory separator at end" filename="D:\cod_users\setienne\level-editor-starter\tests\string_util_tests.cpp" line="63">
      <OverallResults successes="1" failures="0" expectedFailures="0" skipped="false"/>
    </Section>
    <Section name="Root directory file" filename="D:\cod_users\setienne\level-editor-starter\tests\string_util_tests.cpp" line="70">
      <OverallResults successes="1" failures="0" expectedFailures="0" skipped="false"/>
    </Section>
    <Section name="Filename with dot but no extension" filename="D:\cod_users\setienne\level-editor-starter\tests\string_util_tests.cpp" line="77">
      <OverallResults successes="1" failures="0" expectedFailures="0" skipped="false"/>
    </Section>
    <Section name="Hidden file (starts with dot)" filename="D:\cod_users\setienne\level-editor-starter\tests\string_util_tests.cpp" line="84">
      <OverallResults successes="1" failures="0" expectedFailures="0" skipped="false"/>
    </Section>
    <OverallResult success="true" skips="0"/>
  </TestCase>
  <TestCase name="MaterialSystem loads and queries rasterizer states" tags="[integration][material-system][T206]" filename="D:\cod_users\setienne\level-editor-starter\tests\material_system_tests.cpp" line="2987">
    <OverallResult success="true" skips="0">
      <StdOut>
[INFO] MaterialSystem: initialized with 0 materials
      </StdOut>
    </OverallResult>
  </TestCase>
  <TestCase name="triangle_yellow.gltf loads with yellow material" tags="[gltf][materials][triangle_yellow]" filename="D:\cod_users\setienne\level-editor-starter\tests\gltf_loader_tests.cpp" line="57">
    <OverallResult success="true" skips="0"/>
  </TestCase>
  <TestCase name="Mesh Primitive-based Operations" tags="[mesh][primitive][tdd]" filename="D:\cod_users\setienne\level-editor-starter\tests\primitive_tests.cpp" line="74">
    <Section name="Create empty mesh" filename="D:\cod_users\setienne\level-editor-starter\tests\primitive_tests.cpp" line="76">
      <OverallResults successes="1" failures="0" expectedFailures="0" skipped="false"/>
    </Section>
    <Section name="Add primitive to mesh" filename="D:\cod_users\setienne\level-editor-starter\tests\primitive_tests.cpp" line="83">
      <OverallResults successes="3" failures="0" expectedFailures="0" skipped="false"/>
    </Section>
    <OverallResult success="true" skips="0"/>
  </TestCase>
  <TestCase name="SceneHierarchyPanel - Root entities display at top level" tags="[scene_hierarchy][T1.2][unit]" filename="D:\cod_users\setienne\level-editor-starter\tests\scene_hierarchy_tests.cpp" line="102">
    <OverallResult success="true" skips="0"/>
  </TestCase>
  <TestCase name="ReferenceValidator accepts valid references" tags="[reference-validator][T010][unit]" filename="D:\cod_users\setienne\level-editor-starter\tests\material_system_tests.cpp" line="970">
    <OverallResult success="true" skips="0"/>
  </TestCase>
  <TestCase name="ImGuizmo basic functionality is accessible" tags="[imguizmo][integration]" filename="D:\cod_users\setienne\level-editor-starter\tests\imguizmo_integration_tests.cpp" line="10">
    <OverallResult success="true" skips="0"/>
  </TestCase>
  <TestCase name="CommandHistory callback can be cleared" tags="[AF3][callback][command-history]" filename="D:\cod_users\setienne\level-editor-starter\tests\command_history_callback_tests.cpp" line="122">
    <Section name="Callback works before clearing" filename="D:\cod_users\setienne\level-editor-starter\tests\command_history_callback_tests.cpp" line="129">
      <OverallResults successes="2" failures="0" expectedFailures="0" skipped="false"/>
    </Section>
    <Section name="Callback does not trigger after clearing" filename="D:\cod_users\setienne\level-editor-starter\tests\command_history_callback_tests.cpp" line="135">
      <OverallResults successes="2" failures="0" expectedFailures="0" skipped="false"/>
    </Section>
    <OverallResult success="true" skips="0"/>
  </TestCase>
  <TestCase name="Vec swizzles with different numeric types" tags="[math][numeric][swizzle][vec]" filename="D:\cod_users\setienne\level-editor-starter\tests\vec_tests.cpp" line="265">
    <Section name="Integer vectors" filename="D:\cod_users\setienne\level-editor-starter\tests\vec_tests.cpp" line="267">
      <OverallResults successes="5" failures="0" expectedFailures="0" skipped="false"/>
    </Section>
    <Section name="Double vectors" filename="D:\cod_users\setienne\level-editor-starter\tests\vec_tests.cpp" line="282">
      <OverallResults successes="5" failures="0" expectedFailures="0" skipped="false"/>
    </Section>
    <OverallResult success="true" skips="0"/>
  </TestCase>
  <TestCase name="Random utility functions" tags="[math][random]" filename="D:\cod_users\setienne\level-editor-starter\tests\random_tests.cpp" line="241">
    <Section name="choice() selects random element from container" filename="D:\cod_users\setienne\level-editor-starter\tests\random_tests.cpp" line="243">
      <OverallResults successes="201" failures="0" expectedFailures="0" skipped="false"/>
    </Section>
    <Section name="shuffle() randomizes container order" filename="D:\cod_users\setienne\level-editor-starter\tests\random_tests.cpp" line="262">
      <OverallResults successes="2" failures="0" expectedFailures="0" skipped="false"/>
    </Section>
    <OverallResult success="true" skips="0"/>
  </TestCase>
  <TestCase name="Renderer Vertex Format" tags="[renderer]" filename="D:\cod_users\setienne\level-editor-starter\tests\renderer_tests.cpp" line="22">
    <Section name="Vertex can be constructed" filename="D:\cod_users\setienne\level-editor-starter\tests\renderer_tests.cpp" line="24">
      <OverallResults successes="7" failures="0" expectedFailures="0" skipped="false"/>
    </Section>
    <OverallResult success="true" skips="0"/>
  </TestCase>
  <TestCase name="GizmoSystem ImGuizmo coordinate space configuration" tags="[coordinates][gizmos][imguizmo][unit]" filename="D:\cod_users\setienne\level-editor-starter\tests\gizmos_tests.cpp" line="524">
    <Section name="GizmoSystem converts Local mode to ImGuizmo LOCAL" filename="D:\cod_users\setienne\level-editor-starter\tests\gizmos_tests.cpp" line="526">
      <OverallResults successes="1" failures="0" expectedFailures="0" skipped="false"/>
    </Section>
    <Section name="GizmoSystem converts World mode to ImGuizmo WORLD" filename="D:\cod_users\setienne\level-editor-starter\tests\gizmos_tests.cpp" line="541">
      <OverallResults successes="1" failures="0" expectedFailures="0" skipped="false"/>
    </Section>
    <Section name="GizmoSystem coordinate space can be switched dynamically" filename="D:\cod_users\setienne\level-editor-starter\tests\gizmos_tests.cpp" line="556">
      <OverallResults successes="3" failures="0" expectedFailures="0" skipped="false"/>
    </Section>
    <OverallResult success="true" skips="0"/>
  </TestCase>
  <TestCase name="3D Distance Calculations" tags="[3d][distance][geometry]" filename="D:\cod_users\setienne\level-editor-starter\tests\math_3d_tests.cpp" line="135">
    <Section name="Distance Point to Plane" filename="D:\cod_users\setienne\level-editor-starter\tests\math_3d_tests.cpp" line="137">
      <OverallResults successes="3" failures="0" expectedFailures="0" skipped="false"/>
    </Section>
    <Section name="Distance Point to Line 3D" filename="D:\cod_users\setienne\level-editor-starter\tests\math_3d_tests.cpp" line="147">
      <OverallResults successes="3" failures="0" expectedFailures="0" skipped="false"/>
    </Section>
    <Section name="Distance Point to Segment 3D" filename="D:\cod_users\setienne\level-editor-starter\tests\math_3d_tests.cpp" line="157">
      <OverallResults successes="4" failures="0" expectedFailures="0" skipped="false"/>
    </Section>
    <OverallResult success="true" skips="0"/>
  </TestCase>
  <TestCase name="SceneHierarchyPanel - Focus with no callback does not crash" tags="[scene_hierarchy][T1.7][unit]" filename="D:\cod_users\setienne\level-editor-starter\tests\scene_hierarchy_tests.cpp" line="701">
    <OverallResult success="true" skips="0"/>
  </TestCase>
  <TestCase name="CommandContext construction and metadata" tags="[AF1.2][command][unit]" filename="D:\cod_users\setienne\level-editor-starter\tests\editor_command_tests.cpp" line="181">
    <Section name="CommandContext can be constructed with timestamp" filename="D:\cod_users\setienne\level-editor-starter\tests\editor_command_tests.cpp" line="183">
      <OverallResults successes="2" failures="0" expectedFailures="0" skipped="false"/>
    </Section>
    <Section name="CommandContext provides execution metadata" filename="D:\cod_users\setienne\level-editor-starter\tests\editor_command_tests.cpp" line="192">
      <OverallResults successes="2" failures="0" expectedFailures="0" skipped="false"/>
    </Section>
    <Section name="CommandContext can be updated" filename="D:\cod_users\setienne\level-editor-starter\tests\editor_command_tests.cpp" line="202">
      <OverallResults successes="2" failures="0" expectedFailures="0" skipped="false"/>
    </Section>
    <OverallResult success="true" skips="0"/>
  </TestCase>
  <TestCase name="GizmoSystem with SelectionManager" tags="[gizmos][selection][unit]" filename="D:\cod_users\setienne\level-editor-starter\tests\gizmos_tests.cpp" line="131">
    <Section name="GizmoSystem can be constructed with SelectionManager and Scene" filename="D:\cod_users\setienne\level-editor-starter\tests\gizmos_tests.cpp" line="133">
      <OverallResults successes="2" failures="0" expectedFailures="0" skipped="false"/>
    </Section>
    <OverallResult success="true" skips="0"/>
  </TestCase>
  <TestCase name="RootSignatureBuilder handles material with no parameters" tags="[root-signature][T013][unit]" filename="D:\cod_users\setienne\level-editor-starter\tests\material_system_tests.cpp" line="1260">
    <OverallResult success="true" skips="0"/>
  </TestCase>
  <TestCase name="Duplicate entity creates copy with all components" tags="[AF1][duplicate][integration]" filename="D:\cod_users\setienne\level-editor-starter\tests\duplicate_entity_tests.cpp" line="11">
    <Section name="Duplicate entity copies Transform component" filename="D:\cod_users\setienne\level-editor-starter\tests\duplicate_entity_tests.cpp" line="13">
      <OverallResults successes="15" failures="0" expectedFailures="0" skipped="false"/>
    </Section>
    <Section name="Duplicate entity copies Visible component" filename="D:\cod_users\setienne\level-editor-starter\tests\duplicate_entity_tests.cpp" line="70">
      <OverallResults successes="7" failures="0" expectedFailures="0" skipped="false"/>
    </Section>
    <Section name="Duplicate entity copies MeshRenderer component" filename="D:\cod_users\setienne\level-editor-starter\tests\duplicate_entity_tests.cpp" line="111">
      <OverallResults successes="6" failures="0" expectedFailures="0" skipped="false"/>
    </Section>
    <Section name="Duplicate entity copies all components together" filename="D:\cod_users\setienne\level-editor-starter\tests\duplicate_entity_tests.cpp" line="150">
      <OverallResults successes="14" failures="0" expectedFailures="0" skipped="false"/>
    </Section>
    <Section name="Duplicate entity does not copy Selected component" filename="D:\cod_users\setienne\level-editor-starter\tests\duplicate_entity_tests.cpp" line="224">
      <OverallResults successes="5" failures="0" expectedFailures="0" skipped="false"/>
    </Section>
    <OverallResult success="true" skips="0"/>
  </TestCase>
  <TestCase name="Advanced math utilities - Bit manipulation" tags="[advanced][bits][math]" filename="D:\cod_users\setienne\level-editor-starter\tests\math_utils_tests.cpp" line="458">
    <Section name="countBits function" filename="D:\cod_users\setienne\level-editor-starter\tests\math_utils_tests.cpp" line="460">
      <OverallResults successes="23" failures="0" expectedFailures="0" skipped="false"/>
    </Section>
    <Section name="reverseBits function" filename="D:\cod_users\setienne\level-editor-starter\tests\math_utils_tests.cpp" line="488">
      <OverallResults successes="15" failures="0" expectedFailures="0" skipped="false"/>
    </Section>
    <Section name="rotateLeft function" filename="D:\cod_users\setienne\level-editor-starter\tests\math_utils_tests.cpp" line="509">
      <OverallResults successes="10" failures="0" expectedFailures="0" skipped="false"/>
    </Section>
    <Section name="rotateRight function" filename="D:\cod_users\setienne\level-editor-starter\tests\math_utils_tests.cpp" line="534">
      <OverallResults successes="132" failures="0" expectedFailures="0" skipped="false"/>
    </Section>
    <OverallResult success="true" skips="0"/>
  </TestCase>
  <TestCase name="Scene load with meshPath triggers asset resolution" tags="[AF2][asset_resolution][integration]" filename="D:\cod_users\setienne\level-editor-starter\tests\asset_resolution_tests.cpp" line="63">
    <OverallResult success="true" skips="0"/>
  </TestCase>
  <TestCase name="Win32Window event FIFO ordering" tags="[win32][window]" filename="D:\cod_users\setienne\level-editor-starter\tests\win32_window_tests.cpp" line="235">
    <OverallResult success="true" skips="0"/>
  </TestCase>
  <TestCase name="Power of two functions" tags="[math][power2]" filename="D:\cod_users\setienne\level-editor-starter\tests\math_utils_tests.cpp" line="278">
    <Section name="isPowerOfTwo function" filename="D:\cod_users\setienne\level-editor-starter\tests\math_utils_tests.cpp" line="280">
      <OverallResults successes="12" failures="0" expectedFailures="0" skipped="false"/>
    </Section>
    <Section name="nextPowerOfTwo function" filename="D:\cod_users\setienne\level-editor-starter\tests\math_utils_tests.cpp" line="297">
      <OverallResults successes="7" failures="0" expectedFailures="0" skipped="false"/>
    </Section>
    <OverallResult success="true" skips="0"/>
  </TestCase>
  <TestCase name="Selection Event System - Complete integration" tags="[events][integration][selection]" filename="D:\cod_users\setienne\level-editor-starter\tests\picking_selection_integration_tests.cpp" line="200">
    <Section name="Complex selection workflow events" filename="D:\cod_users\setienne\level-editor-starter\tests\picking_selection_integration_tests.cpp" line="219">
      <OverallResults successes="29" failures="0" expectedFailures="0" skipped="false"/>
    </Section>
    <OverallResult success="true" skips="0"/>
  </TestCase>
  <TestCase name="ImGuizmo headers can be included" tags="[imguizmo][integration]" filename="D:\cod_users\setienne\level-editor-starter\tests\imguizmo_integration_tests.cpp" line="5">
    <OverallResult success="true" skips="0"/>
  </TestCase>
  <TestCase name="AssetManager unload functionality" tags="[AssetManager][unit]" filename="D:\cod_users\setienne\level-editor-starter\tests\asset_manager_tests.cpp" line="87">
    <Section name="Unload removes asset when no other references" filename="D:\cod_users\setienne\level-editor-starter\tests\asset_manager_tests.cpp" line="91">
      <OverallResults successes="3" failures="0" expectedFailures="0" skipped="false"/>
    </Section>
    <Section name="Unload fails when other references exist" filename="D:\cod_users\setienne\level-editor-starter\tests\asset_manager_tests.cpp" line="105">
      <OverallResults successes="3" failures="0" expectedFailures="0" skipped="false"/>
    </Section>
    <Section name="Unload of non-existent asset returns false" filename="D:\cod_users\setienne\level-editor-starter\tests\asset_manager_tests.cpp" line="116">
      <OverallResults successes="1" failures="0" expectedFailures="0" skipped="false"/>
    </Section>
    <OverallResult success="true" skips="0"/>
  </TestCase>
  <TestCase name="Viewport Input Event Creation" tags="[input][viewport]" filename="D:\cod_users\setienne\level-editor-starter\tests\viewport_tests.cpp" line="372">
    <Section name="Mouse events" filename="D:\cod_users\setienne\level-editor-starter\tests\viewport_tests.cpp" line="374">
      <OverallResults successes="14" failures="0" expectedFailures="0" skipped="false"/>
    </Section>
    <Section name="Keyboard events" filename="D:\cod_users\setienne\level-editor-starter\tests\viewport_tests.cpp" line="397">
      <OverallResults successes="10" failures="0" expectedFailures="0" skipped="false"/>
    </Section>
    <Section name="Resize events" filename="D:\cod_users\setienne\level-editor-starter\tests\viewport_tests.cpp" line="414">
      <OverallResults successes="3" failures="0" expectedFailures="0" skipped="false"/>
    </Section>
    <OverallResult success="true" skips="0"/>
  </TestCase>
  <TestCase name="Reparenting Preserves Sub-hierarchy" tags="[ecs][hierarchy][reparenting]" filename="D:\cod_users\setienne\level-editor-starter\tests\ecs_tests.cpp" line="907">
    <Section name="Moving parent with children maintains sub-tree structure" filename="D:\cod_users\setienne\level-editor-starter\tests\ecs_tests.cpp" line="911">
      <OverallResults successes="21" failures="0" expectedFailures="0" skipped="false"/>
    </Section>
    <Section name="Moving deep sub-tree preserves all descendant relationships" filename="D:\cod_users\setienne\level-editor-starter\tests\ecs_tests.cpp" line="985">
      <OverallResults successes="21" failures="0" expectedFailures="0" skipped="false"/>
    </Section>
    <Section name="Reparenting root entity removes it from old parent's children" filename="D:\cod_users\setienne\level-editor-starter\tests\ecs_tests.cpp" line="1056">
      <OverallResults successes="9" failures="0" expectedFailures="0" skipped="false"/>
    </Section>
    <OverallResult success="true" skips="0"/>
  </TestCase>
  <TestCase name="Mesh Extraction Base Triangle" tags="[mesh-extraction][tdd]" filename="D:\cod_users\setienne\level-editor-starter\tests\mesh_extraction_tdd_test.cpp" line="6">
    <OverallResult success="true" skips="0"/>
  </TestCase>
  <TestCase name="Vec2 basic arithmetic" tags="[math][vec2]" filename="D:\cod_users\setienne\level-editor-starter\tests\vec_tests.cpp" line="9">
    <OverallResult success="true" skips="0"/>
  </TestCase>
  <TestCase name="Sine easing functions" tags="[animation][math]" filename="D:\cod_users\setienne\level-editor-starter\tests\animation_tests.cpp" line="129">
    <Section name="easeInSine boundary conditions" filename="D:\cod_users\setienne\level-editor-starter\tests\animation_tests.cpp" line="131">
      <OverallResults successes="2" failures="0" expectedFailures="0" skipped="false"/>
    </Section>
    <Section name="easeOutSine boundary conditions" filename="D:\cod_users\setienne\level-editor-starter\tests\animation_tests.cpp" line="137">
      <OverallResults successes="2" failures="0" expectedFailures="0" skipped="false"/>
    </Section>
    <Section name="easeInOutSine boundary and midpoint conditions" filename="D:\cod_users\setienne\level-editor-starter\tests\animation_tests.cpp" line="143">
      <OverallResults successes="3" failures="0" expectedFailures="0" skipped="false"/>
    </Section>
    <Section name="sine easing monotonicity" filename="D:\cod_users\setienne\level-editor-starter\tests\animation_tests.cpp" line="150">
      <OverallResults successes="8" failures="0" expectedFailures="0" skipped="false"/>
    </Section>
    <OverallResult success="true" skips="0"/>
  </TestCase>
  <TestCase name="MaterialSystem provides handle-based API for renderer queries" tags="[api][material-system][T015][unit]" filename="D:\cod_users\setienne\level-editor-starter\tests\material_system_tests.cpp" line="2149">
    <OverallResult success="true" skips="0">
      <StdOut>
[ERROR] MaterialParser: Missing or invalid 'queue' field in render pass 'forward'
[INFO] MaterialSystem: initialized with 1 materials
      </StdOut>
    </OverallResult>
  </TestCase>
  <TestCase name="Transform Cache Invalidation on Component Removal" tags="[cache][ecs][systems]" filename="D:\cod_users\setienne\level-editor-starter\tests\ecs_tests.cpp" line="695">
    <Section name="Removing Transform component clears cached world matrix and dirty state" filename="D:\cod_users\setienne\level-editor-starter\tests\ecs_tests.cpp" line="703">
      <OverallResults successes="5" failures="0" expectedFailures="0" skipped="false"/>
    </Section>
    <Section name="Removing Transform component on parent with children" filename="D:\cod_users\setienne\level-editor-starter\tests\ecs_tests.cpp" line="745">
      <OverallResults successes="3" failures="0" expectedFailures="0" skipped="false"/>
    </Section>
    <OverallResult success="true" skips="0"/>
  </TestCase>
  <TestCase name="Immediate line draw" tags="[immediate][renderer]" filename="D:\cod_users\setienne\level-editor-starter\tests\renderer_tests.cpp" line="461">
    <OverallResult success="true" skips="0">
      <StdOut>
[INFO] D3D12 debug layer configured with console output integration
[INFO] Shader Manager: Successfully compiled shader shaders/simple.hlsl (Vertex)
[INFO] Shader Manager: Successfully compiled shader shaders/simple.hlsl (Pixel)
      </StdOut>
    </OverallResult>
  </TestCase>
  <TestCase name="SystemManager add/get/clear systems" tags="[manager][systems]" filename="D:\cod_users\setienne\level-editor-starter\tests\systems_tests.cpp" line="67">
    <OverallResult success="true" skips="0"/>
  </TestCase>
  <TestCase name="Mesh Extraction With Normals" tags="[mesh-extraction][normals][tdd]" filename="D:\cod_users\setienne\level-editor-starter\tests\mesh_extraction_tdd_test.cpp" line="75">
    <OverallResult success="true" skips="0"/>
  </TestCase>
  <TestCase name="MaterialParser parses pass-specific topology" tags="[material-parser][T302][unit]" filename="D:\cod_users\setienne\level-editor-starter\tests\material_parser_multipass_tests.cpp" line="129">
    <OverallResult success="true" skips="0"/>
  </TestCase>
  <TestCase name="Component concept validation" tags="[concepts][ecs]" filename="D:\cod_users\setienne\level-editor-starter\tests\ecs_tests.cpp" line="293">
    <OverallResult success="true" skips="0"/>
  </TestCase>
  <TestCase name="Quaternion factory functions" tags="[quaternion]" filename="D:\cod_users\setienne\level-editor-starter\tests\quat_tests.cpp" line="228">
    <Section name="Identity quaternion factory" filename="D:\cod_users\setienne\level-editor-starter\tests\quat_tests.cpp" line="230">
      <OverallResults successes="4" failures="0" expectedFailures="0" skipped="false"/>
    </Section>
    <Section name="Axis-angle factory" filename="D:\cod_users\setienne\level-editor-starter\tests\quat_tests.cpp" line="239">
      <OverallResults successes="2" failures="0" expectedFailures="0" skipped="false"/>
    </Section>
    <Section name="Euler angles factory" filename="D:\cod_users\setienne\level-editor-starter\tests\quat_tests.cpp" line="251">
      <OverallResults successes="3" failures="0" expectedFailures="0" skipped="false"/>
    </Section>
    <OverallResult success="true" skips="0"/>
  </TestCase>
  <TestCase name="MaterialDefinition has primitiveTopology field with TRIANGLE default" tags="[material-parser][T212][unit]" filename="D:\cod_users\setienne\level-editor-starter\tests\material_system_tests.cpp" line="3451">
    <OverallResult success="true" skips="0"/>
  </TestCase>
  <TestCase name="GizmoSystem settings with snap values" tags="[gizmos][settings][unit]" filename="D:\cod_users\setienne\level-editor-starter\tests\gizmos_tests.cpp" line="147">
    <Section name="GizmoSystem has default snap values" filename="D:\cod_users\setienne\level-editor-starter\tests\gizmos_tests.cpp" line="149">
      <OverallResults successes="4" failures="0" expectedFailures="0" skipped="false"/>
    </Section>
    <Section name="GizmoSystem snap values can be set" filename="D:\cod_users\setienne\level-editor-starter\tests\gizmos_tests.cpp" line="159">
      <OverallResults successes="4" failures="0" expectedFailures="0" skipped="false"/>
    </Section>
    <OverallResult success="true" skips="0"/>
  </TestCase>
  <TestCase name="MaterialSystem loads and queries vertex formats" tags="[integration][material-system][T209]" filename="D:\cod_users\setienne\level-editor-starter\tests\material_system_tests.cpp" line="3173">
    <OverallResult success="true" skips="0">
      <StdOut>
[INFO] MaterialSystem: initialized with 0 materials
      </StdOut>
    </OverallResult>
  </TestCase>
  <TestCase name="ShaderManager Multiple Callbacks" tags="[callbacks][shader_manager]" filename="D:\cod_users\setienne\level-editor-starter\tests\shader_manager_tests.cpp" line="490">
    <Section name="Multiple callback registration and notification" filename="D:\cod_users\setienne\level-editor-starter\tests\shader_manager_tests.cpp" line="495">
      <OverallResults successes="14" failures="0" expectedFailures="0" skipped="false"/>
    </Section>
    <OverallResult success="true" skips="0">
      <StdOut>
[INFO] Shader Manager: Successfully compiled shader C:\Users\setienne\AppData\Local\Temp\shader_manager_tests\test.hlsl (Vertex)
[INFO] Shader Manager: Force recompiling C:\Users\setienne\AppData\Local\Temp\shader_manager_tests\test.hlsl (Vertex - VSMain)
[INFO] Shader Manager: Successfully recompiled C:\Users\setienne\AppData\Local\Temp\shader_manager_tests\test.hlsl (Vertex - VSMain)
[INFO] Shader Manager: Force recompiling C:\Users\setienne\AppData\Local\Temp\shader_manager_tests\test.hlsl (Vertex - VSMain)
[INFO] Shader Manager: Successfully recompiled C:\Users\setienne\AppData\Local\Temp\shader_manager_tests\test.hlsl (Vertex - VSMain)
      </StdOut>
    </OverallResult>
  </TestCase>
  <TestCase name="Win32Window negative mouse wheel" tags="[win32][window]" filename="D:\cod_users\setienne\level-editor-starter\tests\win32_window_tests.cpp" line="313">
    <OverallResult success="true" skips="0"/>
  </TestCase>
  <TestCase name="MeshRenderingSystem renderEntity sets MVP matrix on renderer when GPU mesh present" tags="[mesh_rendering_system][unit]" filename="D:\cod_users\setienne\level-editor-starter\tests\mesh_rendering_system_tests.cpp" line="141">
    <OverallResult success="true" skips="0">
      <StdOut>
[INFO] D3D12 debug layer configured with console output integration
[INFO] Shader Manager: Successfully compiled shader shaders/simple.hlsl (Vertex)
[INFO] Shader Manager: Successfully compiled shader shaders/simple.hlsl (Pixel)
[INFO] Shader Manager: Successfully compiled shader shaders/unlit.hlsl (Vertex)
[INFO] Shader Manager: Successfully compiled shader shaders/unlit.hlsl (Pixel)
[WARNING] MeshRenderingSystem: Created without SystemManager - parent-child hierarchy transforms will not work correctly
      </StdOut>
    </OverallResult>
  </TestCase>
  <TestCase name="D3D12 CommandContext Reuse" tags="[dx12]" filename="D:\cod_users\setienne\level-editor-starter\tests\dx12_tests.cpp" line="129">
    <OverallResult success="true" skips="0">
      <StdOut>
[INFO] D3D12 debug layer configured with console output integration
      </StdOut>
    </OverallResult>
  </TestCase>
  <TestCase name="TransformEntityCommand implements new Command interface" tags="[AF3.1][unit]" filename="D:\cod_users\setienne\level-editor-starter\tests\transform_commands_tests.cpp" line="25">
    <Section name="TransformEntityCommand has all required methods" filename="D:\cod_users\setienne\level-editor-starter\tests\transform_commands_tests.cpp" line="27">
      <OverallResults successes="6" failures="0" expectedFailures="0" skipped="false"/>
    </Section>
    <OverallResult success="true" skips="0"/>
  </TestCase>
  <TestCase name="DefineValidator detects duplicate between global and material defines" tags="[define-validator][T011][unit]" filename="D:\cod_users\setienne\level-editor-starter\tests\material_system_tests.cpp" line="1024">
    <OverallResult success="true" skips="0">
      <StdOut>
[ERROR] Material 'test_material': duplicate define 'FOO' in material scope (already defined in global or pass)
      </StdOut>
    </OverallResult>
  </TestCase>
  <TestCase name="ViewportInputHandler - Edge cases" tags="[edge][input][viewport]" filename="D:\cod_users\setienne\level-editor-starter\tests\viewport_input_handler_tests.cpp" line="361">
    <Section name="Handle input with empty scene" filename="D:\cod_users\setienne\level-editor-starter\tests\viewport_input_handler_tests.cpp" line="373">
      <OverallResults successes="4" failures="0" expectedFailures="0" skipped="false"/>
    </Section>
    <Section name="Handle invalid entities gracefully" filename="D:\cod_users\setienne\level-editor-starter\tests\viewport_input_handler_tests.cpp" line="387">
      <OverallResults successes="3" failures="0" expectedFailures="0" skipped="false"/>
    </Section>
    <Section name="Very large screen coordinates" filename="D:\cod_users\setienne\level-editor-starter\tests\viewport_input_handler_tests.cpp" line="413">
      <OverallResults successes="3" failures="0" expectedFailures="0" skipped="false"/>
    </Section>
    <OverallResult success="true" skips="0"/>
  </TestCase>
  <TestCase name="Viewport Edge Cases" tags="[edge][viewport]" filename="D:\cod_users\setienne\level-editor-starter\tests\viewport_tests.cpp" line="450">
    <Section name="Viewport with zero size" filename="D:\cod_users\setienne\level-editor-starter\tests\viewport_tests.cpp" line="452">
      <OverallResults successes="2" failures="0" expectedFailures="0" skipped="false"/>
    </Section>
    <Section name="Manager with no viewports" filename="D:\cod_users\setienne\level-editor-starter\tests\viewport_tests.cpp" line="462">
      <OverallResults successes="9" failures="0" expectedFailures="0" skipped="false"/>
    </Section>
    <Section name="Destroy null viewport" filename="D:\cod_users\setienne\level-editor-starter\tests\viewport_tests.cpp" line="486">
      <OverallResults successes="3" failures="0" expectedFailures="0" skipped="false"/>
    </Section>
    <OverallResult success="true" skips="0">
      <StdOut>
[INFO] D3D12 debug layer configured with console output integration
[INFO] D3D12 debug layer configured with console output integration
      </StdOut>
    </OverallResult>
  </TestCase>
  <TestCase name="Quaternion comparison operators" tags="[quaternion]" filename="D:\cod_users\setienne\level-editor-starter\tests\quat_tests.cpp" line="266">
    <Section name="Equality comparison" filename="D:\cod_users\setienne\level-editor-starter\tests\quat_tests.cpp" line="268">
      <OverallResults successes="2" failures="0" expectedFailures="0" skipped="false"/>
    </Section>
    <OverallResult success="true" skips="0"/>
  </TestCase>
  <TestCase name="PipelineBuilder compiles shaders from material shader info" tags="[pipeline-builder][T203][unit]" filename="D:\cod_users\setienne\level-editor-starter\tests\material_system_tests.cpp" line="1854">
    <OverallResult success="true" skips="0">
      <StdOut>
[INFO] D3D12 debug layer configured with console output integration
      </StdOut>
    </OverallResult>
  </TestCase>
  <TestCase name="Name Component Auto-Add on Creation" tags="[creation][ecs][name]" filename="D:\cod_users\setienne\level-editor-starter\tests\ecs_tests.cpp" line="575">
    <Section name="Default name creates entity without Name component" filename="D:\cod_users\setienne\level-editor-starter\tests\ecs_tests.cpp" line="579">
      <OverallResults successes="1" failures="0" expectedFailures="0" skipped="false"/>
    </Section>
    <Section name="Empty string creates entity without Name component" filename="D:\cod_users\setienne\level-editor-starter\tests\ecs_tests.cpp" line="585">
      <OverallResults successes="1" failures="0" expectedFailures="0" skipped="false"/>
    </Section>
    <Section name="Empty string creates entity without Name component" filename="D:\cod_users\setienne\level-editor-starter\tests\ecs_tests.cpp" line="591">
      <OverallResults successes="1" failures="0" expectedFailures="0" skipped="false"/>
    </Section>
    <Section name="Custom name auto-adds Name component" filename="D:\cod_users\setienne\level-editor-starter\tests\ecs_tests.cpp" line="597">
      <OverallResults successes="3" failures="0" expectedFailures="0" skipped="false"/>
    </Section>
    <Section name="Different custom names create correct Name components" filename="D:\cod_users\setienne\level-editor-starter\tests\ecs_tests.cpp" line="607">
      <OverallResults successes="6" failures="0" expectedFailures="0" skipped="false"/>
    </Section>
    <Section name="Name component not added when name matches default" filename="D:\cod_users\setienne\level-editor-starter\tests\ecs_tests.cpp" line="622">
      <OverallResults successes="1" failures="0" expectedFailures="0" skipped="false"/>
    </Section>
    <Section name="Explicit default name creates entity without Name component" filename="D:\cod_users\setienne\level-editor-starter\tests\ecs_tests.cpp" line="628">
      <OverallResults successes="1" failures="0" expectedFailures="0" skipped="false"/>
    </Section>
    <OverallResult success="true" skips="0"/>
  </TestCase>
  <TestCase name="Random class basic functionality" tags="[math][random]" filename="D:\cod_users\setienne\level-editor-starter\tests\random_tests.cpp" line="12">
    <Section name="seeded random generates consistent values" filename="D:\cod_users\setienne\level-editor-starter\tests\random_tests.cpp" line="14">
      <OverallResults successes="10" failures="0" expectedFailures="0" skipped="false"/>
    </Section>
    <Section name="random() returns values in [0, 1) range" filename="D:\cod_users\setienne\level-editor-starter\tests\random_tests.cpp" line="27">
      <OverallResults successes="200" failures="0" expectedFailures="0" skipped="false"/>
    </Section>
    <Section name="range(float) returns values in specified range" filename="D:\cod_users\setienne\level-editor-starter\tests\random_tests.cpp" line="39">
      <OverallResults successes="200" failures="0" expectedFailures="0" skipped="false"/>
    </Section>
    <Section name="range(int) returns values in specified inclusive range" filename="D:\cod_users\setienne\level-editor-starter\tests\random_tests.cpp" line="53">
      <OverallResults successes="2001" failures="0" expectedFailures="0" skipped="false"/>
    </Section>
    <Section name="chance() returns true/false based on probability" filename="D:\cod_users\setienne\level-editor-starter\tests\random_tests.cpp" line="73">
      <OverallResults successes="2" failures="0" expectedFailures="0" skipped="false"/>
    </Section>
    <OverallResult success="true" skips="0"/>
  </TestCase>
  <TestCase name="Distance and distanceSquared" tags="[distance][math]" filename="D:\cod_users\setienne\level-editor-starter\tests\vec_tests.cpp" line="62">
    <OverallResult success="true" skips="0"/>
  </TestCase>
  <TestCase name="Error Handling - Robustness integration" tags="[error][handling][integration]" filename="D:\cod_users\setienne\level-editor-starter\tests\picking_selection_integration_tests.cpp" line="450">
    <Section name="Invalid entity handling" filename="D:\cod_users\setienne\level-editor-starter\tests\picking_selection_integration_tests.cpp" line="461">
      <OverallResults successes="5" failures="0" expectedFailures="0" skipped="false"/>
    </Section>
    <Section name="Empty scene picking" filename="D:\cod_users\setienne\level-editor-starter\tests\picking_selection_integration_tests.cpp" line="474">
      <OverallResults successes="4" failures="0" expectedFailures="0" skipped="false"/>
    </Section>
    <Section name="Destroyed entity cleanup" filename="D:\cod_users\setienne\level-editor-starter\tests\picking_selection_integration_tests.cpp" line="491">
      <OverallResults successes="3" failures="0" expectedFailures="0" skipped="false"/>
    </Section>
    <Section name="Extreme values handling" filename="D:\cod_users\setienne\level-editor-starter\tests\picking_selection_integration_tests.cpp" line="508">
      <OverallResults successes="4" failures="0" expectedFailures="0" skipped="false"/>
    </Section>
    <OverallResult success="true" skips="0"/>
  </TestCase>
  <TestCase name="UI Scene Operations - Scene loading functionality" tags="[loading][scene][ui][unit]" filename="D:\cod_users\setienne\level-editor-starter\tests\ui_scene_operations_tests.cpp" line="59">
    <Section name="Scene loading with nonexistent file produces error" filename="D:\cod_users\setienne\level-editor-starter\tests\ui_scene_operations_tests.cpp" line="61">
      <OverallResults successes="4" failures="0" expectedFailures="0" skipped="false"/>
    </Section>
    <OverallResult success="true" skips="0">
      <StdOut>
[INFO] GPUResourceManager initialized successfully
[ERROR] UI: Failed to load scene: Scene file not found: nonexistent_file.gltf
      </StdOut>
    </OverallResult>
  </TestCase>
  <TestCase name="UI initialize rejects null pointers" tags="[ui]" filename="D:\cod_users\setienne\level-editor-starter\tests\ui_tests.cpp" line="315">
    <OverallResult success="true" skips="0"/>
  </TestCase>
  <TestCase name="Perspective Camera Controller" tags="[camera][controller][perspective]" filename="D:\cod_users\setienne\level-editor-starter\tests\camera_controller_tests.cpp" line="76">
    <Section name="Controller initialization" filename="D:\cod_users\setienne\level-editor-starter\tests\camera_controller_tests.cpp" line="81">
      <OverallResults successes="5" failures="0" expectedFailures="0" skipped="false"/>
    </Section>
    <Section name="Sensitivity settings" filename="D:\cod_users\setienne\level-editor-starter\tests\camera_controller_tests.cpp" line="90">
      <OverallResults successes="4" failures="0" expectedFailures="0" skipped="false"/>
    </Section>
    <Section name="Auto rotation" filename="D:\cod_users\setienne\level-editor-starter\tests\camera_controller_tests.cpp" line="103">
      <OverallResults successes="2" failures="0" expectedFailures="0" skipped="false"/>
    </Section>
    <Section name="Mouse orbit input" filename="D:\cod_users\setienne\level-editor-starter\tests\camera_controller_tests.cpp" line="122">
      <OverallResults successes="1" failures="0" expectedFailures="0" skipped="false"/>
    </Section>
    <Section name="Mouse pan input with shift" filename="D:\cod_users\setienne\level-editor-starter\tests\camera_controller_tests.cpp" line="144">
      <OverallResults successes="1" failures="0" expectedFailures="0" skipped="false"/>
    </Section>
    <Section name="Mouse wheel zoom" filename="D:\cod_users\setienne\level-editor-starter\tests\camera_controller_tests.cpp" line="165">
      <OverallResults successes="2" failures="0" expectedFailures="0" skipped="false"/>
    </Section>
    <Section name="Keyboard WASD movement" filename="D:\cod_users\setienne\level-editor-starter\tests\camera_controller_tests.cpp" line="184">
      <OverallResults successes="2" failures="0" expectedFailures="0" skipped="false"/>
    </Section>
    <Section name="Focus functionality" filename="D:\cod_users\setienne\level-editor-starter\tests\camera_controller_tests.cpp" line="205">
      <OverallResults successes="2" failures="0" expectedFailures="0" skipped="false"/>
    </Section>
    <Section name="Controller enable/disable" filename="D:\cod_users\setienne\level-editor-starter\tests\camera_controller_tests.cpp" line="224">
      <OverallResults successes="3" failures="0" expectedFailures="0" skipped="false"/>
    </Section>
    <OverallResult success="true" skips="0">
      <StdOut>
[INFO] Camera zoomed to distance: 6.363961 and position is now (0, -4.5, 4.5)
[INFO] Camera zoomed to distance: 7.000357 and position is now (0, -4.95, 4.95)
      </StdOut>
    </OverallResult>
  </TestCase>
  <TestCase name="UI responsiveness during command operations" tags="[AF6.4][integration][workflow]" filename="D:\cod_users\setienne\level-editor-starter\tests\command_integration_tests.cpp" line="388">
    <Section name="Command system performance under UI load" filename="D:\cod_users\setienne\level-editor-starter\tests\command_integration_tests.cpp" line="390">
      <OverallResults successes="94" failures="0" expectedFailures="0" skipped="false"/>
    </Section>
    <OverallResult success="true" skips="0"/>
  </TestCase>
  <TestCase name="Absolute value" tags="[abs][math]" filename="D:\cod_users\setienne\level-editor-starter\tests\math_utils_tests.cpp" line="114">
    <OverallResult success="true" skips="0"/>
  </TestCase>
  <TestCase name="Primitive Basic Operations" tags="[primitive][tdd]" filename="D:\cod_users\setienne\level-editor-starter\tests\primitive_tests.cpp" line="5">
    <Section name="Create empty primitive" filename="D:\cod_users\setienne\level-editor-starter\tests\primitive_tests.cpp" line="7">
      <OverallResults successes="4" failures="0" expectedFailures="0" skipped="false"/>
    </Section>
    <Section name="Add vertex to primitive" filename="D:\cod_users\setienne\level-editor-starter\tests\primitive_tests.cpp" line="17">
      <OverallResults successes="6" failures="0" expectedFailures="0" skipped="false"/>
    </Section>
    <Section name="Add index to primitive" filename="D:\cod_users\setienne\level-editor-starter\tests\primitive_tests.cpp" line="36">
      <OverallResults successes="5" failures="0" expectedFailures="0" skipped="false"/>
    </Section>
    <Section name="Set material handle" filename="D:\cod_users\setienne\level-editor-starter\tests\primitive_tests.cpp" line="52">
      <OverallResults successes="2" failures="0" expectedFailures="0" skipped="false"/>
    </Section>
    <Section name="Set invalid material handle" filename="D:\cod_users\setienne\level-editor-starter\tests\primitive_tests.cpp" line="63">
      <OverallResults successes="2" failures="0" expectedFailures="0" skipped="false"/>
    </Section>
    <OverallResult success="true" skips="0"/>
  </TestCase>
  <TestCase name="GizmoSystem transform delta application" tags="[delta][gizmos][unit]" filename="D:\cod_users\setienne\level-editor-starter\tests\gizmos_tests.cpp" line="347">
    <Section name="GizmoSystem applies transform delta to single entity" filename="D:\cod_users\setienne\level-editor-starter\tests\gizmos_tests.cpp" line="349">
      <OverallResults successes="9" failures="0" expectedFailures="0" skipped="false"/>
    </Section>
    <Section name="GizmoSystem applies transform delta to multiple entities" filename="D:\cod_users\setienne\level-editor-starter\tests\gizmos_tests.cpp" line="388">
      <OverallResults successes="12" failures="0" expectedFailures="0" skipped="false"/>
    </Section>
    <Section name="GizmoSystem handles empty selection gracefully" filename="D:\cod_users\setienne\level-editor-starter\tests\gizmos_tests.cpp" line="437">
      <OverallResults successes="1" failures="0" expectedFailures="0" skipped="false"/>
    </Section>
    <OverallResult success="true" skips="0"/>
  </TestCase>
  <TestCase name="Win32Window starts in windowed mode by default" tags="[fullscreen][win32][window]" filename="D:\cod_users\setienne\level-editor-starter\tests\win32_window_tests.cpp" line="562">
    <OverallResult success="true" skips="0"/>
  </TestCase>
  <TestCase name="MaterialParser extracts primitiveTopology from JSON" tags="[material-parser][T212][unit]" filename="D:\cod_users\setienne\level-editor-starter\tests\material_system_tests.cpp" line="3462">
    <OverallResult success="true" skips="0"/>
  </TestCase>
  <TestCase name="GLTFLoader Complete Mesh Extraction" tags="[gltf][integration][loader]" filename="D:\cod_users\setienne\level-editor-starter\tests\gltf_loader_tests.cpp" line="860">
    <Section name="Extract mesh with all vertex attributes (positions, normals, UVs, tangents)" filename="D:\cod_users\setienne\level-editor-starter\tests\gltf_loader_tests.cpp" line="862">
      <OverallResults successes="23" failures="0" expectedFailures="0" skipped="false"/>
    </Section>
    <Section name="Extract mesh with interleaved vertex data (all attributes in single buffer)" filename="D:\cod_users\setienne\level-editor-starter\tests\gltf_loader_tests.cpp" line="971">
      <OverallResults successes="20" failures="0" expectedFailures="0" skipped="false"/>
    </Section>
    <Section name="Extract mesh with some missing optional attributes" filename="D:\cod_users\setienne\level-editor-starter\tests\gltf_loader_tests.cpp" line="1062">
      <OverallResults successes="33" failures="0" expectedFailures="0" skipped="false"/>
    </Section>
    <Section name="Extract large mesh with all attributes and validate performance" filename="D:\cod_users\setienne\level-editor-starter\tests\gltf_loader_tests.cpp" line="1153">
      <OverallResults successes="42" failures="0" expectedFailures="0" skipped="false"/>
    </Section>
    <Section name="Extract mesh with multiple primitives" filename="D:\cod_users\setienne\level-editor-starter\tests\gltf_loader_tests.cpp" line="1261">
      <OverallResults successes="70" failures="0" expectedFailures="0" skipped="false"/>
    </Section>
    <OverallResult success="true" skips="0"/>
  </TestCase>
  <TestCase name="Square function" tags="[math][square]" filename="D:\cod_users\setienne\level-editor-starter\tests\math_utils_tests.cpp" line="126">
    <OverallResult success="true" skips="0"/>
  </TestCase>
  <TestCase name="Vec swizzle type consistency" tags="[math][swizzle][types][vec]" filename="D:\cod_users\setienne\level-editor-starter\tests\vec_tests.cpp" line="233">
    <Section name="Vec3 swizzles return correct types" filename="D:\cod_users\setienne\level-editor-starter\tests\vec_tests.cpp" line="235">
      <OverallResults successes="0" failures="0" expectedFailures="0" skipped="false"/>
    </Section>
    <Section name="Vec4 swizzles return correct types" filename="D:\cod_users\setienne\level-editor-starter\tests\vec_tests.cpp" line="247">
      <OverallResults successes="0" failures="0" expectedFailures="0" skipped="false"/>
    </Section>
    <OverallResult success="true" skips="0"/>
  </TestCase>
  <TestCase name="MaterialParser extracts vertexFormat from JSON" tags="[T210][unit][vertex-format]" filename="D:\cod_users\setienne\level-editor-starter\tests\material_system_tests.cpp" line="3264">
    <OverallResult success="true" skips="0"/>
  </TestCase>
  <TestCase name="GizmoSystem state management" tags="[gizmos][state][unit]" filename="D:\cod_users\setienne\level-editor-starter\tests\gizmos_tests.cpp" line="456">
    <Section name="GizmoSystem starts with no active manipulation" filename="D:\cod_users\setienne\level-editor-starter\tests\gizmos_tests.cpp" line="458">
      <OverallResults successes="2" failures="0" expectedFailures="0" skipped="false"/>
    </Section>
    <Section name="GizmoSystem can track active manipulation state" filename="D:\cod_users\setienne\level-editor-starter\tests\gizmos_tests.cpp" line="466">
      <OverallResults successes="6" failures="0" expectedFailures="0" skipped="false"/>
    </Section>
    <OverallResult success="true" skips="0"/>
  </TestCase>
  <TestCase name="UI Scene Operations Integration" tags="[integration][scene][ui]" filename="D:\cod_users\setienne\level-editor-starter\tests\ui_scene_operations_tests.cpp" line="175">
    <Section name="Error message management" filename="D:\cod_users\setienne\level-editor-starter\tests\ui_scene_operations_tests.cpp" line="177">
      <OverallResults successes="3" failures="0" expectedFailures="0" skipped="false"/>
    </Section>
    <Section name="Scene path management" filename="D:\cod_users\setienne\level-editor-starter\tests\ui_scene_operations_tests.cpp" line="205">
      <OverallResults successes="2" failures="0" expectedFailures="0" skipped="false"/>
    </Section>
    <Section name="Entity management during clear operations" filename="D:\cod_users\setienne\level-editor-starter\tests\ui_scene_operations_tests.cpp" line="225">
      <OverallResults successes="4" failures="0" expectedFailures="0" skipped="false"/>
    </Section>
    <Section name="File dialog operations in integration context" filename="D:\cod_users\setienne\level-editor-starter\tests\ui_scene_operations_tests.cpp" line="250">
      <OverallResults successes="0" failures="0" expectedFailures="0" skipped="false"/>
    </Section>
    <OverallResult success="true" skips="0">
      <StdOut>
[INFO] GPUResourceManager initialized successfully
[ERROR] UI: Failed to load scene: Scene file not found: nonexistent.gltf
[INFO] GPUResourceManager initialized successfully
[INFO] GPUResourceManager initialized successfully
[INFO] UI: File dialog skipped (test mode)
      </StdOut>
    </OverallResult>
  </TestCase>
  <TestCase name="SceneImporter preserves hierarchy correctly" tags="[hierarchy][scene_importer]" filename="D:\cod_users\setienne\level-editor-starter\tests\scene_importer_tests.cpp" line="79">
    <OverallResult success="true" skips="0"/>
  </TestCase>
  <TestCase name="EaseType enumeration and dispatcher" tags="[animation][math]" filename="D:\cod_users\setienne\level-editor-starter\tests\animation_tests.cpp" line="357">
    <Section name="ease() function with Linear type" filename="D:\cod_users\setienne\level-editor-starter\tests\animation_tests.cpp" line="359">
      <OverallResults successes="3" failures="0" expectedFailures="0" skipped="false"/>
    </Section>
    <Section name="ease() function dispatches correctly" filename="D:\cod_users\setienne\level-editor-starter\tests\animation_tests.cpp" line="366">
      <OverallResults successes="12" failures="0" expectedFailures="0" skipped="false"/>
    </Section>
    <Section name="all ease types maintain boundary conditions" filename="D:\cod_users\setienne\level-editor-starter\tests\animation_tests.cpp" line="388">
      <OverallResults successes="44" failures="0" expectedFailures="0" skipped="false"/>
    </Section>
    <OverallResult success="true" skips="0"/>
  </TestCase>
  <TestCase name="Win32Window create and basic properties" tags="[win32][window]" filename="D:\cod_users\setienne\level-editor-starter\tests\win32_window_tests.cpp" line="20">
    <OverallResult success="true" skips="0"/>
  </TestCase>
  <TestCase name="JSON library is integrated and functional" tags="[material-system][setup]" filename="D:\cod_users\setienne\level-editor-starter\tests\material_system_tests.cpp" line="22">
    <Section name="Parse minimal JSON object from string" filename="D:\cod_users\setienne\level-editor-starter\tests\material_system_tests.cpp" line="24">
      <OverallResults successes="2" failures="0" expectedFailures="0" skipped="false"/>
    </Section>
    <Section name="Parse JSON with nested objects" filename="D:\cod_users\setienne\level-editor-starter\tests\material_system_tests.cpp" line="33">
      <OverallResults successes="6" failures="0" expectedFailures="0" skipped="false"/>
    </Section>
    <OverallResult success="true" skips="0"/>
  </TestCase>
  <TestCase name="StateBlockParser parses RasterizerStateBlock from JSON" tags="[state-parser][T205][unit]" filename="D:\cod_users\setienne\level-editor-starter\tests\material_system_tests.cpp" line="2833">
    <OverallResult success="true" skips="0"/>
  </TestCase>
  <TestCase name="TransformSystem deep hierarchy" tags="[deep_hierarchy][systems][transform]" filename="D:\cod_users\setienne\level-editor-starter\tests\systems_tests.cpp" line="140">
    <OverallResult success="true" skips="0"/>
  </TestCase>
  <TestCase name="UndoRedoUI provides command descriptions" tags="[descriptions][ui][undo-redo]" filename="D:\cod_users\setienne\level-editor-starter\tests\command_ui_tests.cpp" line="74">
    <OverallResult success="true" skips="0"/>
  </TestCase>
  <TestCase name="Clamp function" tags="[clamp][math]" filename="D:\cod_users\setienne\level-editor-starter\tests\math_utils_tests.cpp" line="76">
    <Section name="basic clamping" filename="D:\cod_users\setienne\level-editor-starter\tests\math_utils_tests.cpp" line="78">
      <OverallResults successes="3" failures="0" expectedFailures="0" skipped="false"/>
    </Section>
    <Section name="integer clamping" filename="D:\cod_users\setienne\level-editor-starter\tests\math_utils_tests.cpp" line="85">
      <OverallResults successes="3" failures="0" expectedFailures="0" skipped="false"/>
    </Section>
    <Section name="edge cases" filename="D:\cod_users\setienne\level-editor-starter\tests\math_utils_tests.cpp" line="92">
      <OverallResults successes="3" failures="0" expectedFailures="0" skipped="false"/>
    </Section>
    <OverallResult success="true" skips="0"/>
  </TestCase>
  <TestCase name="MaterialGPU can be created from Material" tags="[MaterialGPU][unit]" filename="D:\cod_users\setienne\level-editor-starter\tests\material_gpu_tests.cpp" line="7">
    <OverallResult success="true" skips="0">
      <StdOut>
[INFO] MaterialGPU: Created material-only instance (no GPU resources)
      </StdOut>
    </OverallResult>
  </TestCase>
  <TestCase name="Viewport Input Handling States" tags="[input][state][viewport]" filename="D:\cod_users\setienne\level-editor-starter\tests\viewport_input_tests.cpp" line="72">
    <Section name="Focused viewport receives input" filename="D:\cod_users\setienne\level-editor-starter\tests\viewport_input_tests.cpp" line="74">
      <OverallResults successes="4" failures="0" expectedFailures="0" skipped="false"/>
    </Section>
    <Section name="Unfocused viewport input handling" filename="D:\cod_users\setienne\level-editor-starter\tests\viewport_input_tests.cpp" line="93">
      <OverallResults successes="2" failures="0" expectedFailures="0" skipped="false"/>
    </Section>
    <Section name="Active viewport state management" filename="D:\cod_users\setienne\level-editor-starter\tests\viewport_input_tests.cpp" line="106">
      <OverallResults successes="4" failures="0" expectedFailures="0" skipped="false"/>
    </Section>
    <OverallResult success="true" skips="0"/>
  </TestCase>
  <TestCase name="StateBlockParser parses DepthWriteMask strings correctly" tags="[state-parser][T205][unit]" filename="D:\cod_users\setienne\level-editor-starter\tests\material_system_tests.cpp" line="2808">
    <OverallResult success="true" skips="0"/>
  </TestCase>
  <TestCase name="SceneImporter handles mesh without bounds gracefully" tags="[bounds][scene_importer]" filename="D:\cod_users\setienne\level-editor-starter\tests\scene_importer_tests.cpp" line="391">
    <OverallResult success="true" skips="0"/>
  </TestCase>
  <TestCase name="ECS import handles nodes without meshes" tags="[ecs][empty-nodes][import]" filename="D:\cod_users\setienne\level-editor-starter\tests\ecs_import_tests.cpp" line="189">
    <OverallResult success="true" skips="0"/>
  </TestCase>
  <TestCase name="PipelineBuilder uses rasterizer state from MaterialSystem" tags="[integration][pipeline-builder][T207]" filename="D:\cod_users\setienne\level-editor-starter\tests\material_system_tests.cpp" line="1910">
    <OverallResult success="true" skips="0">
      <StdOut>
[INFO] D3D12 debug layer configured with console output integration
[INFO] MaterialSystem: initialized with 1 materials
      </StdOut>
    </OverallResult>
  </TestCase>
  <TestCase name="SceneImporter creates MeshRenderer with GPU resources using GPUResourceManager" tags="[gpu_integration][scene_importer][unit]" filename="D:\cod_users\setienne\level-editor-starter\tests\scene_importer_gpu_integration_tests.cpp" line="44">
    <OverallResult success="true" skips="0">
      <StdOut>
[INFO] D3D12 debug layer configured with console output integration
[INFO] GPUResourceManager initialized successfully
[ERROR] GPUResourceManager: failed to create GPU buffers for mesh
      </StdOut>
    </OverallResult>
  </TestCase>
  <TestCase name="SceneHierarchyPanel - Selection synchronizes with SelectionManager" tags="[scene_hierarchy][T1.3][unit]" filename="D:\cod_users\setienne\level-editor-starter\tests\scene_hierarchy_tests.cpp" line="267">
    <OverallResult success="true" skips="0"/>
  </TestCase>
  <TestCase name="ReferenceValidator detects undefined pass reference" tags="[reference-validator][T010][unit]" filename="D:\cod_users\setienne\level-editor-starter\tests\material_system_tests.cpp" line="854">
    <OverallResult success="true" skips="0">
      <StdOut>
[ERROR] Material 'invalid_pass_mat': references undefined pass 'nonexistent_pass'
      </StdOut>
    </OverallResult>
  </TestCase>
  <TestCase name="Entity creation and management" tags="[ecs]" filename="D:\cod_users\setienne\level-editor-starter\tests\ecs_tests.cpp" line="52">
    <Section name="Create entity" filename="D:\cod_users\setienne\level-editor-starter\tests\ecs_tests.cpp" line="56">
      <OverallResults successes="3" failures="0" expectedFailures="0" skipped="false"/>
    </Section>
    <Section name="Create multiple entities" filename="D:\cod_users\setienne\level-editor-starter\tests\ecs_tests.cpp" line="64">
      <OverallResults successes="6" failures="0" expectedFailures="0" skipped="false"/>
    </Section>
    <Section name="Destroy entity" filename="D:\cod_users\setienne\level-editor-starter\tests\ecs_tests.cpp" line="79">
      <OverallResults successes="2" failures="0" expectedFailures="0" skipped="false"/>
    </Section>
    <Section name="Entity recycling and generation" filename="D:\cod_users\setienne\level-editor-starter\tests\ecs_tests.cpp" line="88">
      <OverallResults successes="5" failures="0" expectedFailures="0" skipped="false"/>
    </Section>
    <OverallResult success="true" skips="0"/>
  </TestCase>
  <TestCase name="MaterialDefinition has vertexFormat field" tags="[T210][unit][vertex-format]" filename="D:\cod_users\setienne\level-editor-starter\tests\material_system_tests.cpp" line="3253">
    <OverallResult success="true" skips="0"/>
  </TestCase>
  <TestCase name="TransformCommandFactory creates mergeable commands" tags="[AF3.5][unit]" filename="D:\cod_users\setienne\level-editor-starter\tests\transform_commands_tests.cpp" line="177">
    <Section name="Factory creates TransformEntityCommand for single entity" filename="D:\cod_users\setienne\level-editor-starter\tests\transform_commands_tests.cpp" line="179">
      <OverallResults successes="3" failures="0" expectedFailures="0" skipped="false"/>
    </Section>
    <Section name="Factory creates BatchTransformCommand for multiple entities" filename="D:\cod_users\setienne\level-editor-starter\tests\transform_commands_tests.cpp" line="195">
      <OverallResults successes="3" failures="0" expectedFailures="0" skipped="false"/>
    </Section>
    <Section name="Factory returns nullptr for empty entity list" filename="D:\cod_users\setienne\level-editor-starter\tests\transform_commands_tests.cpp" line="216">
      <OverallResults successes="1" failures="0" expectedFailures="0" skipped="false"/>
    </Section>
    <OverallResult success="true" skips="0"/>
  </TestCase>
  <TestCase name="HitResult - Basic functionality" tags="[hit-result][picking]" filename="D:\cod_users\setienne\level-editor-starter\tests\picking_tests.cpp" line="17">
    <OverallResult success="true" skips="0"/>
  </TestCase>
  <TestCase name="Win32Window multiple windows independence" tags="[win32][window]" filename="D:\cod_users\setienne\level-editor-starter\tests\win32_window_tests.cpp" line="265">
    <OverallResult success="true" skips="0"/>
  </TestCase>
  <TestCase name="AssetManager store functionality" tags="[AssetManager][unit]" filename="D:\cod_users\setienne\level-editor-starter\tests\asset_manager_tests.cpp" line="61">
    <Section name="Store puts asset in cache" filename="D:\cod_users\setienne\level-editor-starter\tests\asset_manager_tests.cpp" line="65">
      <OverallResults successes="5" failures="0" expectedFailures="0" skipped="false"/>
    </Section>
    <OverallResult success="true" skips="0"/>
  </TestCase>
  <TestCase name="Command profiling system tracks performance accurately" tags="[AF5.5][performance][profiling]" filename="D:\cod_users\setienne\level-editor-starter\tests\command_performance_tests.cpp" line="224">
    <OverallResult success="true" skips="0"/>
  </TestCase>
  <TestCase name="UI mutable layout access" tags="[ui]" filename="D:\cod_users\setienne\level-editor-starter\tests\ui_tests.cpp" line="169">
    <OverallResult success="true" skips="0"/>
  </TestCase>
  <TestCase name="Extract and validate PBR factor values" tags="[gpu_resource_manager][unit]" filename="D:\cod_users\setienne\level-editor-starter\tests\gpu_resource_manager_tests.cpp" line="152">
    <OverallResult success="true" skips="0">
      <StdOut>
[INFO] D3D12 debug layer configured with console output integration
[INFO] GPUResourceManager initialized successfully
      </StdOut>
    </OverallResult>
  </TestCase>
  <TestCase name="GridRenderer retrieves material from MaterialSystem" tags="[grid][integration][material-system]" filename="D:\cod_users\setienne\level-editor-starter\tests\grid_tests.cpp" line="471">
    <Section name="GridRenderer initializes with MaterialSystem and caches grid_material handle" filename="D:\cod_users\setienne\level-editor-starter\tests\grid_tests.cpp" line="473">
      <OverallResults successes="3" failures="0" expectedFailures="0" skipped="false"/>
    </Section>
    <Section name="GridRenderer retrieves shader names from MaterialDefinition" filename="D:\cod_users\setienne\level-editor-starter\tests\grid_tests.cpp" line="498">
      <OverallResults successes="8" failures="0" expectedFailures="0" skipped="false"/>
    </Section>
    <Section name="GridRenderer works with multi-pass material format" filename="D:\cod_users\setienne\level-editor-starter\tests\grid_tests.cpp" line="541">
      <OverallResults successes="8" failures="0" expectedFailures="0" skipped="false"/>
    </Section>
    <OverallResult success="true" skips="0">
      <StdOut>
[INFO] D3D12 debug layer configured with console output integration
[INFO] MaterialSystem: initialized with 5 materials
[INFO] D3D12 debug layer configured with console output integration
[INFO] MaterialSystem: initialized with 5 materials
[INFO] D3D12 debug layer configured with console output integration
[INFO] MaterialSystem: initialized with 1 materials
      </StdOut>
    </OverallResult>
  </TestCase>
  <TestCase name="MaterialSystem stores and retrieves render passes" tags="[integration][material-system][T216]" filename="D:\cod_users\setienne\level-editor-starter\tests\material_system_tests.cpp" line="1602">
    <OverallResult success="true" skips="0">
      <StdOut>
[INFO] MaterialSystem: initialized with 0 materials
      </StdOut>
    </OverallResult>
  </TestCase>
  <TestCase name="AssetManager caches assets correctly" tags="[AssetManager][unit]" filename="D:\cod_users\setienne\level-editor-starter\tests\asset_manager_tests.cpp" line="15">
    <Section name="Loading same material twice returns same instance" filename="D:\cod_users\setienne\level-editor-starter\tests\asset_manager_tests.cpp" line="19">
      <OverallResults successes="6" failures="0" expectedFailures="0" skipped="false"/>
    </Section>
    <Section name="Get retrieves cached assets" filename="D:\cod_users\setienne\level-editor-starter\tests\asset_manager_tests.cpp" line="34">
      <OverallResults successes="3" failures="0" expectedFailures="0" skipped="false"/>
    </Section>
    <Section name="Get returns nullptr for non-cached assets" filename="D:\cod_users\setienne\level-editor-starter\tests\asset_manager_tests.cpp" line="54">
      <OverallResults successes="1" failures="0" expectedFailures="0" skipped="false"/>
    </Section>
    <OverallResult success="true" skips="0"/>
  </TestCase>
  <TestCase name="Smoothing functions" tags="[math][smooth]" filename="D:\cod_users\setienne\level-editor-starter\tests\math_utils_tests.cpp" line="181">
    <Section name="smoothstep" filename="D:\cod_users\setienne\level-editor-starter\tests\math_utils_tests.cpp" line="183">
      <OverallResults successes="5" failures="0" expectedFailures="0" skipped="false"/>
    </Section>
    <Section name="smootherstep" filename="D:\cod_users\setienne\level-editor-starter\tests\math_utils_tests.cpp" line="194">
      <OverallResults successes="5" failures="0" expectedFailures="0" skipped="false"/>
    </Section>
    <Section name="smoothstep vs smootherstep comparison" filename="D:\cod_users\setienne\level-editor-starter\tests\math_utils_tests.cpp" line="205">
      <OverallResults successes="3" failures="0" expectedFailures="0" skipped="false"/>
    </Section>
    <OverallResult success="true" skips="0"/>
  </TestCase>
  <TestCase name="UI pane toggling persists" tags="[ui]" filename="D:\cod_users\setienne\level-editor-starter\tests\ui_tests.cpp" line="303">
    <OverallResult success="true" skips="0"/>
  </TestCase>
  <TestCase name="MaterialSystem::getMaterialPass returns MaterialPass for valid material and pass" tags="[material-system][T304][unit]" filename="D:\cod_users\setienne\level-editor-starter\tests\material_system_pass_query_tests.cpp" line="16">
    <OverallResult success="true" skips="0">
      <StdOut>
[INFO] MaterialSystem: initialized with 1 materials
      </StdOut>
    </OverallResult>
  </TestCase>
  <TestCase name="Advanced math utilities - Fast approximations" tags="[advanced][fast][math]" filename="D:\cod_users\setienne\level-editor-starter\tests\math_utils_tests.cpp" line="309">
    <Section name="fastInverseSqrt function" filename="D:\cod_users\setienne\level-editor-starter\tests\math_utils_tests.cpp" line="311">
      <OverallResults successes="12" failures="0" expectedFailures="0" skipped="false"/>
    </Section>
    <Section name="fastSqrt function" filename="D:\cod_users\setienne\level-editor-starter\tests\math_utils_tests.cpp" line="333">
      <OverallResults successes="12" failures="0" expectedFailures="0" skipped="false"/>
    </Section>
    <OverallResult success="true" skips="0"/>
  </TestCase>
  <TestCase name="D3D12 Command Context" tags="[dx12]" filename="D:\cod_users\setienne\level-editor-starter\tests\dx12_tests.cpp" line="77">
    <Section name="Command context can be created with valid device" filename="D:\cod_users\setienne\level-editor-starter\tests\dx12_tests.cpp" line="79">
      <OverallResults successes="2" failures="0" expectedFailures="0" skipped="false"/>
    </Section>
    <OverallResult success="true" skips="0">
      <StdOut>
[INFO] D3D12 debug layer configured with console output integration
      </StdOut>
    </OverallResult>
  </TestCase>
  <TestCase name="Point-in-shape tests" tags="[2d][math][point_tests]" filename="D:\cod_users\setienne\level-editor-starter\tests\math_2d_tests.cpp" line="111">
    <Section name="pointInCircle function" filename="D:\cod_users\setienne\level-editor-starter\tests\math_2d_tests.cpp" line="113">
      <OverallResults successes="7" failures="0" expectedFailures="0" skipped="false"/>
    </Section>
    <Section name="pointInRect function" filename="D:\cod_users\setienne\level-editor-starter\tests\math_2d_tests.cpp" line="132">
      <OverallResults successes="8" failures="0" expectedFailures="0" skipped="false"/>
    </Section>
    <Section name="pointInTriangle function" filename="D:\cod_users\setienne\level-editor-starter\tests\math_2d_tests.cpp" line="150">
      <OverallResults successes="8" failures="0" expectedFailures="0" skipped="false"/>
    </Section>
    <Section name="pointInPolygon function" filename="D:\cod_users\setienne\level-editor-starter\tests\math_2d_tests.cpp" line="171">
      <OverallResults successes="8" failures="0" expectedFailures="0" skipped="false"/>
    </Section>
    <OverallResult success="true" skips="0"/>
  </TestCase>
  <TestCase name="Picking System - Complete workflow integration" tags="[complete][integration][picking]" filename="D:\cod_users\setienne\level-editor-starter\tests\picking_selection_integration_tests.cpp" line="80">
    <Section name="Complete mouse picking workflow" filename="D:\cod_users\setienne\level-editor-starter\tests\picking_selection_integration_tests.cpp" line="100">
      <OverallResults successes="15" failures="0" expectedFailures="0" skipped="false"/>
    </Section>
    <Section name="Distance-based picking priority" filename="D:\cod_users\setienne\level-editor-starter\tests\picking_selection_integration_tests.cpp" line="141">
      <OverallResults successes="6" failures="0" expectedFailures="0" skipped="false"/>
    </Section>
    <Section name="Selection bounds and spatial queries" filename="D:\cod_users\setienne\level-editor-starter\tests\picking_selection_integration_tests.cpp" line="161">
      <OverallResults successes="7" failures="0" expectedFailures="0" skipped="false"/>
    </Section>
    <Section name="Hover detection and visual feedback" filename="D:\cod_users\setienne\level-editor-starter\tests\picking_selection_integration_tests.cpp" line="182">
      <OverallResults successes="1" failures="0" expectedFailures="0" skipped="false"/>
    </Section>
    <OverallResult success="true" skips="0"/>
  </TestCase>
  <TestCase name="StateBlockParser parses ColorWriteMask strings correctly" tags="[state-parser][T205][unit]" filename="D:\cod_users\setienne\level-editor-starter\tests\material_system_tests.cpp" line="2814">
    <OverallResult success="true" skips="0"/>
  </TestCase>
  <TestCase name="Transform component local matrix calculation" tags="[components][matrix][transform]" filename="D:\cod_users\setienne\level-editor-starter\tests\components_tests.cpp" line="31">
    <OverallResult success="true" skips="0"/>
  </TestCase>
  <TestCase name="MeshRenderingSystem render method processes entities with MeshRenderer and Transform" tags="[mesh_rendering_system][unit]" filename="D:\cod_users\setienne\level-editor-starter\tests\mesh_rendering_system_tests.cpp" line="42">
    <OverallResult success="true" skips="0">
      <StdOut>
[INFO] D3D12 debug layer configured with console output integration
[INFO] Shader Manager: Successfully compiled shader shaders/simple.hlsl (Vertex)
[INFO] Shader Manager: Successfully compiled shader shaders/simple.hlsl (Pixel)
[INFO] Shader Manager: Successfully compiled shader shaders/unlit.hlsl (Vertex)
[INFO] Shader Manager: Successfully compiled shader shaders/unlit.hlsl (Pixel)
[WARNING] MeshRenderingSystem: Created without SystemManager - parent-child hierarchy transforms will not work correctly
      </StdOut>
    </OverallResult>
  </TestCase>
  <TestCase name="Error recovery and system stability" tags="[AF6.7][integration][workflow]" filename="D:\cod_users\setienne\level-editor-starter\tests\command_integration_tests.cpp" line="530">
    <Section name="System handles command failures gracefully" filename="D:\cod_users\setienne\level-editor-starter\tests\command_integration_tests.cpp" line="532">
      <OverallResults successes="10" failures="0" expectedFailures="0" skipped="false"/>
    </Section>
    <OverallResult success="true" skips="0"/>
  </TestCase>
  <TestCase name="Intelligent cleanup algorithms perform efficiently" tags="[AF5.2][cleanup][performance]" filename="D:\cod_users\setienne\level-editor-starter\tests\command_performance_tests.cpp" line="191">
    <OverallResult success="true" skips="0"/>
  </TestCase>
  <TestCase name="SceneImporter bounds calculation matches mesh getBoundsCenter and getBoundsSize" tags="[bounds][scene_importer]" filename="D:\cod_users\setienne\level-editor-starter\tests\scene_importer_tests.cpp" line="426">
    <OverallResult success="true" skips="0"/>
  </TestCase>
  <TestCase name="Transform System" tags="[ecs][systems]" filename="D:\cod_users\setienne\level-editor-starter\tests\ecs_tests.cpp" line="408">
    <Section name="Basic transform matrix calculation" filename="D:\cod_users\setienne\level-editor-starter\tests\ecs_tests.cpp" line="416">
      <OverallResults successes="3" failures="0" expectedFailures="0" skipped="false"/>
    </Section>
    <Section name="Parent dirty propagation updates child" filename="D:\cod_users\setienne\level-editor-starter\tests\ecs_tests.cpp" line="438">
      <OverallResults successes="3" failures="0" expectedFailures="0" skipped="false"/>
    </Section>
    <Section name="Automatic dirty marking via modifyComponent" filename="D:\cod_users\setienne\level-editor-starter\tests\ecs_tests.cpp" line="463">
      <OverallResults successes="1" failures="0" expectedFailures="0" skipped="false"/>
    </Section>
    <OverallResult success="true" skips="0"/>
  </TestCase>
  <TestCase name="DepthStencilStateBlock has correct D3D12 defaults" tags="[state-blocks][T204][unit]" filename="D:\cod_users\setienne\level-editor-starter\tests\material_system_tests.cpp" line="2493">
    <OverallResult success="true" skips="0"/>
  </TestCase>
  <TestCase name="MaterialParser accepts valid inline shader definitions" tags="[material-parser][T202][unit]" filename="D:\cod_users\setienne\level-editor-starter\tests\material_system_tests.cpp" line="2418">
    <OverallResult success="true" skips="0"/>
  </TestCase>
  <TestCase name="Asset loading to rendering integration initializes correctly" tags="[asset-rendering][integration]" filename="D:\cod_users\setienne\level-editor-starter\tests\asset_rendering_integration_tests.cpp" line="14">
    <Section name="AssetManager and GPUResourceManager can be instantiated" filename="D:\cod_users\setienne\level-editor-starter\tests\asset_rendering_integration_tests.cpp" line="16">
      <OverallResults successes="1" failures="0" expectedFailures="0" skipped="false"/>
    </Section>
    <Section name="UI SceneEditor can be initialized with managers" filename="D:\cod_users\setienne\level-editor-starter\tests\asset_rendering_integration_tests.cpp" line="29">
      <OverallResults successes="2" failures="0" expectedFailures="0" skipped="false"/>
    </Section>
    <OverallResult success="true" skips="0">
      <StdOut>
[INFO] GPUResourceManager initialized successfully
[INFO] GPUResourceManager initialized successfully
      </StdOut>
    </OverallResult>
  </TestCase>
  <TestCase name="UI wantsCapture without initialization" tags="[ui]" filename="D:\cod_users\setienne\level-editor-starter\tests\ui_tests.cpp" line="162">
    <OverallResult success="true" skips="0"/>
  </TestCase>
  <TestCase name="RemoveComponentCommand template with state capture" tags="[AF2.4][ecs-commands][unit]" filename="D:\cod_users\setienne\level-editor-starter\tests\ecs_command_tests.cpp" line="455">
    <Section name="RemoveComponentCommand can be constructed with entity" filename="D:\cod_users\setienne\level-editor-starter\tests\ecs_command_tests.cpp" line="457">
      <OverallResults successes="1" failures="0" expectedFailures="0" skipped="false"/>
    </Section>
    <Section name="RemoveComponentCommand execute removes component from entity" filename="D:\cod_users\setienne\level-editor-starter\tests\ecs_command_tests.cpp" line="472">
      <OverallResults successes="3" failures="0" expectedFailures="0" skipped="false"/>
    </Section>
    <Section name="RemoveComponentCommand undo restores component with original values" filename="D:\cod_users\setienne\level-editor-starter\tests\ecs_command_tests.cpp" line="490">
      <OverallResults successes="5" failures="0" expectedFailures="0" skipped="false"/>
    </Section>
    <Section name="RemoveComponentCommand works with different component types" filename="D:\cod_users\setienne\level-editor-starter\tests\ecs_command_tests.cpp" line="515">
      <OverallResults successes="11" failures="0" expectedFailures="0" skipped="false"/>
    </Section>
    <Section name="RemoveComponentCommand cannot execute twice" filename="D:\cod_users\setienne\level-editor-starter\tests\ecs_command_tests.cpp" line="546">
      <OverallResults successes="2" failures="0" expectedFailures="0" skipped="false"/>
    </Section>
    <Section name="RemoveComponentCommand cannot undo before execute" filename="D:\cod_users\setienne\level-editor-starter\tests\ecs_command_tests.cpp" line="560">
      <OverallResults successes="1" failures="0" expectedFailures="0" skipped="false"/>
    </Section>
    <Section name="RemoveComponentCommand handles entity without component gracefully" filename="D:\cod_users\setienne\level-editor-starter\tests\ecs_command_tests.cpp" line="573">
      <OverallResults successes="1" failures="0" expectedFailures="0" skipped="false"/>
    </Section>
    <Section name="RemoveComponentCommand handles invalid entity gracefully" filename="D:\cod_users\setienne\level-editor-starter\tests\ecs_command_tests.cpp" line="584">
      <OverallResults successes="1" failures="0" expectedFailures="0" skipped="false"/>
    </Section>
    <Section name="RemoveComponentCommand cannot merge with other commands" filename="D:\cod_users\setienne\level-editor-starter\tests\ecs_command_tests.cpp" line="594">
      <OverallResults successes="2" failures="0" expectedFailures="0" skipped="false"/>
    </Section>
    <OverallResult success="true" skips="0"/>
  </TestCase>
  <TestCase name="Reparenting - Moving parent updates child world position" tags="[hierarchy][reparenting][transform]" filename="D:\cod_users\setienne\level-editor-starter\tests\reparenting_transform_tests.cpp" line="62">
    <OverallResult success="true" skips="0"/>
  </TestCase>
  <TestCase name="Win32Window resize event" tags="[win32][window]" filename="D:\cod_users\setienne\level-editor-starter\tests\win32_window_tests.cpp" line="51">
    <OverallResult success="true" skips="0"/>
  </TestCase>
  <TestCase name="StateBlockParser parses BlendOp strings correctly" tags="[state-parser][T205][unit]" filename="D:\cod_users\setienne\level-editor-starter\tests\material_system_tests.cpp" line="2787">
    <OverallResult success="true" skips="0"/>
  </TestCase>
  <TestCase name="PipelineBuilder reuses cached root signature for identical material parameters" tags="[integration][pipeline-builder][T215]" filename="D:\cod_users\setienne\level-editor-starter\tests\material_system_tests.cpp" line="1468">
    <OverallResult success="true" skips="0">
      <StdOut>
[INFO] D3D12 debug layer configured with console output integration
      </StdOut>
    </OverallResult>
  </TestCase>
  <TestCase name="ModifyVisibleCommand for visibility changes" tags="[ecs-commands][T2.4][unit][visible]" filename="D:\cod_users\setienne\level-editor-starter\tests\ecs_command_tests.cpp" line="639">
    <Section name="ModifyVisibleCommand can be constructed with entity and new visible state" filename="D:\cod_users\setienne\level-editor-starter\tests\ecs_command_tests.cpp" line="641">
      <OverallResults successes="1" failures="0" expectedFailures="0" skipped="false"/>
    </Section>
    <Section name="ModifyVisibleCommand execute modifies visible component" filename="D:\cod_users\setienne\level-editor-starter\tests\ecs_command_tests.cpp" line="662">
      <OverallResults successes="5" failures="0" expectedFailures="0" skipped="false"/>
    </Section>
    <Section name="ModifyVisibleCommand undo restores original visible state" filename="D:\cod_users\setienne\level-editor-starter\tests\ecs_command_tests.cpp" line="689">
      <OverallResults successes="6" failures="0" expectedFailures="0" skipped="false"/>
    </Section>
    <OverallResult success="true" skips="0"/>
  </TestCase>
  <TestCase name="SceneHierarchyPanel - Empty search filter matches all entities" tags="[scene_hierarchy][T1.8][unit]" filename="D:\cod_users\setienne\level-editor-starter\tests\scene_hierarchy_tests.cpp" line="601">
    <OverallResult success="true" skips="0"/>
  </TestCase>
  <TestCase name="Render State permutations" tags="[renderer]" filename="D:\cod_users\setienne\level-editor-starter\tests\renderer_tests.cpp" line="129">
    <Section name="Disable depth test &amp; write, enable blend wireframe front cull" filename="D:\cod_users\setienne\level-editor-starter\tests\renderer_tests.cpp" line="132">
      <OverallResults successes="5" failures="0" expectedFailures="0" skipped="false"/>
    </Section>
    <Section name="Re-enable depth variants" filename="D:\cod_users\setienne\level-editor-starter\tests\renderer_tests.cpp" line="148">
      <OverallResults successes="2" failures="0" expectedFailures="0" skipped="false"/>
    </Section>
    <OverallResult success="true" skips="0"/>
  </TestCase>
  <TestCase name="GPUResourceManager clears cache properly" tags="[gpu_resource_manager][unit]" filename="D:\cod_users\setienne\level-editor-starter\tests\gpu_resource_manager_tests.cpp" line="78">
    <OverallResult success="true" skips="0">
      <StdOut>
[INFO] D3D12 debug layer configured with console output integration
[INFO] GPUResourceManager initialized successfully
[INFO] GPUResourceManager: Clearing all caches
      </StdOut>
    </OverallResult>
  </TestCase>
  <TestCase name="ECS command validation with scene operations" tags="[AF6.3][integration][workflow]" filename="D:\cod_users\setienne\level-editor-starter\tests\command_integration_tests.cpp" line="307">
    <Section name="All ECS operations integrate properly with command system" filename="D:\cod_users\setienne\level-editor-starter\tests\command_integration_tests.cpp" line="309">
      <OverallResults successes="28" failures="0" expectedFailures="0" skipped="false"/>
    </Section>
    <OverallResult success="true" skips="0"/>
  </TestCase>
  <TestCase name="BoundingBox2D functionality" tags="[2d][bounding_box][math]" filename="D:\cod_users\setienne\level-editor-starter\tests\math_2d_tests.cpp" line="13">
    <Section name="Construction and basic properties" filename="D:\cod_users\setienne\level-editor-starter\tests\math_2d_tests.cpp" line="15">
      <OverallResults successes="5" failures="0" expectedFailures="0" skipped="false"/>
    </Section>
    <Section name="contains function" filename="D:\cod_users\setienne\level-editor-starter\tests\math_2d_tests.cpp" line="27">
      <OverallResults successes="8" failures="0" expectedFailures="0" skipped="false"/>
    </Section>
    <Section name="intersects function" filename="D:\cod_users\setienne\level-editor-starter\tests\math_2d_tests.cpp" line="44">
      <OverallResults successes="4" failures="0" expectedFailures="0" skipped="false"/>
    </Section>
    <Section name="expand function" filename="D:\cod_users\setienne\level-editor-starter\tests\math_2d_tests.cpp" line="57">
      <OverallResults successes="6" failures="0" expectedFailures="0" skipped="false"/>
    </Section>
    <Section name="utility functions" filename="D:\cod_users\setienne\level-editor-starter\tests\math_2d_tests.cpp" line="74">
      <OverallResults successes="5" failures="0" expectedFailures="0" skipped="false"/>
    </Section>
    <Section name="validity check" filename="D:\cod_users\setienne\level-editor-starter\tests\math_2d_tests.cpp" line="92">
      <OverallResults successes="2" failures="0" expectedFailures="0" skipped="false"/>
    </Section>
    <Section name="default constructor creates invalid bounds" filename="D:\cod_users\setienne\level-editor-starter\tests\math_2d_tests.cpp" line="101">
      <OverallResults successes="3" failures="0" expectedFailures="0" skipped="false"/>
    </Section>
    <OverallResult success="true" skips="0"/>
  </TestCase>
  <TestCase name="SceneHierarchyPanel - Focus callback can be set and invoked" tags="[scene_hierarchy][T1.7][unit]" filename="D:\cod_users\setienne\level-editor-starter\tests\scene_hierarchy_tests.cpp" line="672">
    <OverallResult success="true" skips="0"/>
  </TestCase>
  <TestCase name="ShaderManager Basic Construction" tags="[construction][shader_manager]" filename="D:\cod_users\setienne\level-editor-starter\tests\shader_manager_tests.cpp" line="105">
    <Section name="Default construction" filename="D:\cod_users\setienne\level-editor-starter\tests\shader_manager_tests.cpp" line="107">
      <OverallResults successes="1" failures="0" expectedFailures="0" skipped="false"/>
    </Section>
    <OverallResult success="true" skips="0"/>
  </TestCase>
  <TestCase name="MeshRenderer component functionality" tags="[components][meshrenderer]" filename="D:\cod_users\setienne\level-editor-starter\tests\components_tests.cpp" line="130">
    <Section name="Default constructor" filename="D:\cod_users\setienne\level-editor-starter\tests\components_tests.cpp" line="132">
      <OverallResults successes="2" failures="0" expectedFailures="0" skipped="false"/>
    </Section>
    <Section name="Default GPU mesh state" filename="D:\cod_users\setienne\level-editor-starter\tests\components_tests.cpp" line="139">
      <OverallResults successes="2" failures="0" expectedFailures="0" skipped="false"/>
    </Section>
    <Section name="LOD bias assignment" filename="D:\cod_users\setienne\level-editor-starter\tests\components_tests.cpp" line="147">
      <OverallResults successes="1" failures="0" expectedFailures="0" skipped="false"/>
    </Section>
    <Section name="Bounds assignment" filename="D:\cod_users\setienne\level-editor-starter\tests\components_tests.cpp" line="155">
      <OverallResults successes="6" failures="0" expectedFailures="0" skipped="false"/>
    </Section>
    <OverallResult success="true" skips="0"/>
  </TestCase>
  <TestCase name="UI Viewport Integration" tags="[ui][viewport]" filename="D:\cod_users\setienne\level-editor-starter\tests\ui_tests.cpp" line="195">
    <Section name="Viewport access returns nullptr for uninitialized UI" filename="D:\cod_users\setienne\level-editor-starter\tests\ui_tests.cpp" line="197">
      <OverallResults successes="4" failures="0" expectedFailures="0" skipped="false"/>
    </Section>
    <Section name="Const viewport access returns nullptr for uninitialized UI" filename="D:\cod_users\setienne\level-editor-starter\tests\ui_tests.cpp" line="208">
      <OverallResults successes="4" failures="0" expectedFailures="0" skipped="false"/>
    </Section>
    <Section name="Viewport consistency between calls for uninitialized UI" filename="D:\cod_users\setienne\level-editor-starter\tests\ui_tests.cpp" line="219">
      <OverallResults successes="5" failures="0" expectedFailures="0" skipped="false"/>
    </Section>
    <Section name="Viewport cameras would be initialized if UI was initialized" filename="D:\cod_users\setienne\level-editor-starter\tests\ui_tests.cpp" line="239">
      <OverallResults successes="1" failures="0" expectedFailures="0" skipped="false"/>
    </Section>
    <Section name="Viewport layout correspondence" filename="D:\cod_users\setienne\level-editor-starter\tests\ui_tests.cpp" line="252">
      <OverallResults successes="5" failures="0" expectedFailures="0" skipped="false"/>
    </Section>
    <OverallResult success="true" skips="0"/>
  </TestCase>
  <TestCase name="MaterialSystem loads material with vertexFormat reference" tags="[integration][material-system][T210]" filename="D:\cod_users\setienne\level-editor-starter\tests\material_system_tests.cpp" line="3305">
    <OverallResult success="true" skips="0">
      <StdOut>
[INFO] MaterialSystem: initialized with 1 materials
      </StdOut>
    </OverallResult>
  </TestCase>
  <TestCase name="MaterialShaderCompiler handles multiple defines with consistent ordering" tags="[shader-compiler][T012][unit]" filename="D:\cod_users\setienne\level-editor-starter\tests\material_system_tests.cpp" line="1176">
    <OverallResult success="true" skips="0"/>
  </TestCase>
  <TestCase name="SceneHierarchyPanel - Cannot drag entity onto itself" tags="[scene_hierarchy][T1.4][unit]" filename="D:\cod_users\setienne\level-editor-starter\tests\scene_hierarchy_tests.cpp" line="350">
    <OverallResult success="true" skips="0"/>
  </TestCase>
  <TestCase name="D3D12 TextureManager Initialization" tags="[dx12][texture]" filename="D:\cod_users\setienne\level-editor-starter\tests\dx12_tests.cpp" line="263">
    <Section name="TextureManager initialization fails with null device" filename="D:\cod_users\setienne\level-editor-starter\tests\dx12_tests.cpp" line="265">
      <OverallResults successes="1" failures="0" expectedFailures="0" skipped="false"/>
    </Section>
    <Section name="TextureManager shutdown is safe to call multiple times" filename="D:\cod_users\setienne\level-editor-starter\tests\dx12_tests.cpp" line="271">
      <OverallResults successes="3" failures="0" expectedFailures="0" skipped="false"/>
    </Section>
    <OverallResult success="true" skips="0">
      <StdOut>
[ERROR] TextureManager::initialize: Invalid device (device == nullptr)
[INFO] D3D12 debug layer configured with console output integration
      </StdOut>
    </OverallResult>
  </TestCase>
  <TestCase name="MeshRenderer round-trip preserves meshPath" tags="[AF5][meshpath][roundtrip][scene_serialization]" filename="D:\cod_users\setienne\level-editor-starter\tests\scene_serialization_meshpath_tests.cpp" line="257">
    <OverallResult success="true" skips="0"/>
  </TestCase>
  <TestCase name="Global random functions" tags="[math][random]" filename="D:\cod_users\setienne\level-editor-starter\tests\random_tests.cpp" line="296">
    <Section name="global convenience functions work" filename="D:\cod_users\setienne\level-editor-starter\tests\random_tests.cpp" line="298">
      <OverallResults successes="9" failures="0" expectedFailures="0" skipped="false"/>
    </Section>
    <OverallResult success="true" skips="0"/>
  </TestCase>
  <TestCase name="ViewportInputEvent Structure" tags="[input][structure][viewport]" filename="D:\cod_users\setienne\level-editor-starter\tests\viewport_tests.cpp" line="423">
    <Section name="Default values" filename="D:\cod_users\setienne\level-editor-starter\tests\viewport_tests.cpp" line="425">
      <OverallResults successes="13" failures="0" expectedFailures="0" skipped="false"/>
    </Section>
    <OverallResult success="true" skips="0"/>
  </TestCase>
  <TestCase name="JsonLoader detects circular includes" tags="[material-system][T004][validation]" filename="D:\cod_users\setienne\level-editor-starter\tests\material_system_tests.cpp" line="80">
    <Section name="Direct cycle A->B->A is detected" filename="D:\cod_users\setienne\level-editor-starter\tests\material_system_tests.cpp" line="90">
      <OverallResults successes="1" failures="0" expectedFailures="0" skipped="false"/>
    </Section>
    <Section name="Transitive cycle A->B->C->A is detected" filename="D:\cod_users\setienne\level-editor-starter\tests\material_system_tests.cpp" line="115">
      <OverallResults successes="1" failures="0" expectedFailures="0" skipped="false"/>
    </Section>
    <Section name="No cycle - linear chain loads successfully" filename="D:\cod_users\setienne\level-editor-starter\tests\material_system_tests.cpp" line="143">
      <OverallResults successes="1" failures="0" expectedFailures="0" skipped="false"/>
    </Section>
    <OverallResult success="true" skips="0">
      <StdOut>
[ERROR] Failed to load material system JSON from: C:\Users\setienne\AppData\Local\Temp\material_system_test_T004\a.json
[ERROR]   Circular include detected: a.json -> b.json -> a.json
[ERROR] Failed to load material system JSON from: C:\Users\setienne\AppData\Local\Temp\material_system_test_T004\a.json
[ERROR]   Circular include detected: a.json -> b.json -> c.json -> a.json
      </StdOut>
    </OverallResult>
  </TestCase>
  <TestCase name="Transform component scale matrix" tags="[components][scale][transform]" filename="D:\cod_users\setienne\level-editor-starter\tests\components_tests.cpp" line="63">
    <OverallResult success="true" skips="0"/>
  </TestCase>
  <TestCase name="SceneHierarchyPanel - Delete entity command" tags="[scene_hierarchy][T1.5][unit]" filename="D:\cod_users\setienne\level-editor-starter\tests\scene_hierarchy_tests.cpp" line="435">
    <OverallResult success="true" skips="0"/>
  </TestCase>
  <TestCase name="ShaderManager Callback System" tags="[callbacks][shader_manager]" filename="D:\cod_users\setienne\level-editor-starter\tests\shader_manager_tests.cpp" line="405">
    <Section name="Set and trigger reload callback" filename="D:\cod_users\setienne\level-editor-starter\tests\shader_manager_tests.cpp" line="410">
      <OverallResults successes="2" failures="0" expectedFailures="0" skipped="false"/>
    </Section>
    <Section name="Callback not called on failed compilation" filename="D:\cod_users\setienne\level-editor-starter\tests\shader_manager_tests.cpp" line="435">
      <OverallResults successes="1" failures="0" expectedFailures="0" skipped="false"/>
    </Section>
    <OverallResult success="true" skips="0">
      <StdOut>
[INFO] Shader Manager: Successfully compiled shader C:\Users\setienne\AppData\Local\Temp\shader_manager_tests\test.hlsl (Vertex)
[INFO] Shader Manager: Force recompiling C:\Users\setienne\AppData\Local\Temp\shader_manager_tests\test.hlsl (Vertex - VSMain)
[INFO] Shader Manager: Successfully recompiled C:\Users\setienne\AppData\Local\Temp\shader_manager_tests\test.hlsl (Vertex - VSMain)
[ERROR] Shader compilation failed: C:\Users\setienne\AppData\Local\Temp\shader_manager_tests\invalid.hlsl(3,1-4): error X3000: unrecognized identifier 'This'

[ERROR] Shader Manager: Exception during compilation of C:\Users\setienne\AppData\Local\Temp\shader_manager_tests\invalid.hlsl: Shader compilation failed: C:\Users\setienne\AppData\Local\Temp\shader_manager_tests\invalid.hlsl(3,1-4): error X3000: unrecognized identifier 'This'

[ERROR] Shader Manager: Failed to compile shader C:\Users\setienne\AppData\Local\Temp\shader_manager_tests\invalid.hlsl (Vertex)
[INFO] Shader Manager: Force recompiling C:\Users\setienne\AppData\Local\Temp\shader_manager_tests\invalid.hlsl (Vertex - VSMain)
[ERROR] Shader compilation failed: C:\Users\setienne\AppData\Local\Temp\shader_manager_tests\invalid.hlsl(3,1-4): error X3000: unrecognized identifier 'This'

[ERROR] Shader Manager: Exception during compilation of C:\Users\setienne\AppData\Local\Temp\shader_manager_tests\invalid.hlsl: Shader compilation failed: C:\Users\setienne\AppData\Local\Temp\shader_manager_tests\invalid.hlsl(3,1-4): error X3000: unrecognized identifier 'This'

[ERROR] Shader Manager: Failed to recompile C:\Users\setienne\AppData\Local\Temp\shader_manager_tests\invalid.hlsl (Vertex - VSMain)
      </StdOut>
    </OverallResult>
  </TestCase>
  <TestCase name="GLTF Buffer View Resolution" tags="[buffer-view][gltf][unit]" filename="D:\cod_users\setienne\level-editor-starter\tests\gltf_accessor_tests.cpp" line="154">
    <Section name="Resolve accessor to buffer data with stride" filename="D:\cod_users\setienne\level-editor-starter\tests\gltf_accessor_tests.cpp" line="156">
      <OverallResults successes="8" failures="0" expectedFailures="0" skipped="false"/>
    </Section>
    <Section name="Handle component type validation" filename="D:\cod_users\setienne\level-editor-starter\tests\gltf_accessor_tests.cpp" line="205">
      <OverallResults successes="3" failures="0" expectedFailures="0" skipped="false"/>
    </Section>
    <OverallResult success="true" skips="0"/>
  </TestCase>
  <TestCase name="EditorConfig can be constructed" tags="[editor-config][unit]" filename="D:\cod_users\setienne\level-editor-starter\tests\editor_config_tests.cpp" line="25">
    <Section name="Default constructor uses editor_config.json" filename="D:\cod_users\setienne\level-editor-starter\tests\editor_config_tests.cpp" line="27">
      <OverallResults successes="1" failures="0" expectedFailures="0" skipped="false"/>
    </Section>
    <Section name="Constructor with custom path" filename="D:\cod_users\setienne\level-editor-starter\tests\editor_config_tests.cpp" line="33">
      <OverallResults successes="1" failures="0" expectedFailures="0" skipped="false"/>
    </Section>
    <OverallResult success="true" skips="0"/>
  </TestCase>
  <TestCase name="ShaderManager Edge Cases" tags="[edge_cases][shader_manager]" filename="D:\cod_users\setienne\level-editor-starter\tests\shader_manager_tests.cpp" line="584">
    <Section name="Empty file path" filename="D:\cod_users\setienne\level-editor-starter\tests\shader_manager_tests.cpp" line="589">
      <OverallResults successes="3" failures="0" expectedFailures="0" skipped="false"/>
    </Section>
    <Section name="Empty entry point" filename="D:\cod_users\setienne\level-editor-starter\tests\shader_manager_tests.cpp" line="601">
      <OverallResults successes="3" failures="0" expectedFailures="0" skipped="false"/>
    </Section>
    <Section name="Multiple update calls" filename="D:\cod_users\setienne\level-editor-starter\tests\shader_manager_tests.cpp" line="613">
      <OverallResults successes="3" failures="0" expectedFailures="0" skipped="false"/>
    </Section>
    <Section name="Query after unregistration" filename="D:\cod_users\setienne\level-editor-starter\tests\shader_manager_tests.cpp" line="624">
      <OverallResults successes="3" failures="0" expectedFailures="0" skipped="false"/>
    </Section>
    <OverallResult success="true" skips="0">
      <StdOut>
[ERROR] Shader Manager: Failed to get modification time for : The system cannot find the path specified.
[ERROR] Shader file not found: 
[ERROR] Shader Manager: Exception during compilation of : Shader file not found: 
[ERROR] Shader Manager: Failed to compile shader  (Vertex)
[ERROR] Shader compilation failed: error X3501: '': entrypoint not found

[ERROR] Shader Manager: Exception during compilation of C:\Users\setienne\AppData\Local\Temp\shader_manager_tests\test.hlsl: Shader compilation failed: error X3501: '': entrypoint not found

[ERROR] Shader Manager: Failed to compile shader C:\Users\setienne\AppData\Local\Temp\shader_manager_tests\test.hlsl (Vertex)
[INFO] Shader Manager: Successfully compiled shader C:\Users\setienne\AppData\Local\Temp\shader_manager_tests\test.hlsl (Vertex)
[INFO] Shader Manager: Successfully compiled shader C:\Users\setienne\AppData\Local\Temp\shader_manager_tests\test.hlsl (Vertex)
[INFO] Shader Manager: Unregistering shader C:\Users\setienne\AppData\Local\Temp\shader_manager_tests\test.hlsl
      </StdOut>
    </OverallResult>
  </TestCase>
  <TestCase name="D3D12 Pre-Initialization Safety" tags="[dx12]" filename="D:\cod_users\setienne\level-editor-starter\tests\dx12_tests.cpp" line="167">
    <OverallResult success="true" skips="0">
      <StdOut>
[ERROR] Device::endFrame called when not in frame. Call beginFrame() first.
      </StdOut>
    </OverallResult>
  </TestCase>
  <TestCase name="ECS import creates entities for each scene node" tags="[ecs][import][primitive]" filename="D:\cod_users\setienne\level-editor-starter\tests\ecs_import_tests.cpp" line="15">
    <OverallResult success="true" skips="0"/>
  </TestCase>
  <TestCase name="StateBlockParser parses FillMode strings correctly" tags="[state-parser][T205][unit]" filename="D:\cod_users\setienne\level-editor-starter\tests\material_system_tests.cpp" line="2736">
    <Section name="Parse 'Solid' to D3D12_FILL_MODE_SOLID" filename="D:\cod_users\setienne\level-editor-starter\tests\material_system_tests.cpp" line="2738">
      <OverallResults successes="1" failures="0" expectedFailures="0" skipped="false"/>
    </Section>
    <Section name="Parse 'Wireframe' to D3D12_FILL_MODE_WIREFRAME" filename="D:\cod_users\setienne\level-editor-starter\tests\material_system_tests.cpp" line="2744">
      <OverallResults successes="1" failures="0" expectedFailures="0" skipped="false"/>
    </Section>
    <OverallResult success="true" skips="0"/>
  </TestCase>
  <TestCase name="SystemManager multiple system types" tags="[manager][multiple][systems]" filename="D:\cod_users\setienne\level-editor-starter\tests\systems_tests.cpp" line="191">
    <OverallResult success="true" skips="0"/>
  </TestCase>
  <TestCase name="Win32Window focus and lost focus events" tags="[win32][window]" filename="D:\cod_users\setienne\level-editor-starter\tests\win32_window_tests.cpp" line="207">
    <OverallResult success="true" skips="0"/>
  </TestCase>
  <TestCase name="ShaderManager Force Recompilation" tags="[force_recompile][shader_manager]" filename="D:\cod_users\setienne\level-editor-starter\tests\shader_manager_tests.cpp" line="358">
    <Section name="Force recompile single shader" filename="D:\cod_users\setienne\level-editor-starter\tests\shader_manager_tests.cpp" line="363">
      <OverallResults successes="2" failures="0" expectedFailures="0" skipped="false"/>
    </Section>
    <Section name="Force recompile invalid handle" filename="D:\cod_users\setienne\level-editor-starter\tests\shader_manager_tests.cpp" line="385">
      <OverallResults successes="2" failures="0" expectedFailures="0" skipped="false"/>
    </Section>
    <Section name="Force recompile all shaders" filename="D:\cod_users\setienne\level-editor-starter\tests\shader_manager_tests.cpp" line="392">
      <OverallResults successes="1" failures="0" expectedFailures="0" skipped="false"/>
    </Section>
    <OverallResult success="true" skips="0">
      <StdOut>
[INFO] Shader Manager: Successfully compiled shader C:\Users\setienne\AppData\Local\Temp\shader_manager_tests\test.hlsl (Vertex)
[INFO] Shader Manager: Force recompiling C:\Users\setienne\AppData\Local\Temp\shader_manager_tests\test.hlsl (Vertex - VSMain)
[INFO] Shader Manager: Successfully recompiled C:\Users\setienne\AppData\Local\Temp\shader_manager_tests\test.hlsl (Vertex - VSMain)
[INFO] Shader Manager: Successfully compiled shader C:\Users\setienne\AppData\Local\Temp\shader_manager_tests\test1.hlsl (Vertex)
[INFO] Shader Manager: Successfully compiled shader C:\Users\setienne\AppData\Local\Temp\shader_manager_tests\test2.hlsl (Pixel)
[INFO] Shader Manager: Force recompiling all 2 shaders
[INFO] Shader Manager: Force recompiling C:\Users\setienne\AppData\Local\Temp\shader_manager_tests\test1.hlsl (Vertex - VSMain)
[INFO] Shader Manager: Successfully recompiled C:\Users\setienne\AppData\Local\Temp\shader_manager_tests\test1.hlsl (Vertex - VSMain)
[INFO] Shader Manager: Force recompiling C:\Users\setienne\AppData\Local\Temp\shader_manager_tests\test2.hlsl (Pixel - PSMain)
[INFO] Shader Manager: Successfully recompiled C:\Users\setienne\AppData\Local\Temp\shader_manager_tests\test2.hlsl (Pixel - PSMain)
      </StdOut>
    </OverallResult>
  </TestCase>
  <TestCase name="Complete editing workflow: Create ΓåÆ Transform ΓåÆ Save ΓåÆ Load" tags="[AF1][integration][T7.1][workflow]" filename="D:\cod_users\setienne\level-editor-starter\tests\scene_editor_integration_tests.cpp" line="21">
    <Section name="Create entity with transform component" filename="D:\cod_users\setienne\level-editor-starter\tests\scene_editor_integration_tests.cpp" line="39">
      <OverallResults successes="10" failures="0" expectedFailures="0" skipped="false"/>
    </Section>
    <Section name="Save scene and verify file exists" filename="D:\cod_users\setienne\level-editor-starter\tests\scene_editor_integration_tests.cpp" line="71">
      <OverallResults successes="8" failures="0" expectedFailures="0" skipped="false"/>
    </Section>
    <Section name="Round-trip: Save and load preserves data" filename="D:\cod_users\setienne\level-editor-starter\tests\scene_editor_integration_tests.cpp" line="103">
      <OverallResults successes="19" failures="0" expectedFailures="0" skipped="false"/>
    </Section>
    <OverallResult success="true" skips="0"/>
  </TestCase>
  <TestCase name="SelectionManager - Validation and cleanup" tags="[selection][validation]" filename="D:\cod_users\setienne\level-editor-starter\tests\selection_tests.cpp" line="288">
    <Section name="Validate selection removes invalid entities" filename="D:\cod_users\setienne\level-editor-starter\tests\selection_tests.cpp" line="302">
      <OverallResults successes="4" failures="0" expectedFailures="0" skipped="false"/>
    </Section>
    <Section name="Refresh from ECS rebuilds selection" filename="D:\cod_users\setienne\level-editor-starter\tests\selection_tests.cpp" line="316">
      <OverallResults successes="2" failures="0" expectedFailures="0" skipped="false"/>
    </Section>
    <OverallResult success="true" skips="0"/>
  </TestCase>
  <TestCase name="EcsCommandFactory convenient command creation" tags="[AF2.8][ecs-commands][unit]" filename="D:\cod_users\setienne\level-editor-starter\tests\ecs_command_tests.cpp" line="718">
    <Section name="EcsCommandFactory can create all command types" filename="D:\cod_users\setienne\level-editor-starter\tests\ecs_command_tests.cpp" line="720">
      <OverallResults successes="12" failures="0" expectedFailures="0" skipped="false"/>
    </Section>
    <OverallResult success="true" skips="0"/>
  </TestCase>
  <TestCase name="Mat3 basic operations" tags="[mat3][math][matrix]" filename="D:\cod_users\setienne\level-editor-starter\tests\matrix_tests.cpp" line="224">
    <Section name="Identity matrix properties" filename="D:\cod_users\setienne\level-editor-starter\tests\matrix_tests.cpp" line="228">
      <OverallResults successes="6" failures="0" expectedFailures="0" skipped="false"/>
    </Section>
    <Section name="Translation matrix" filename="D:\cod_users\setienne\level-editor-starter\tests\matrix_tests.cpp" line="241">
      <OverallResults successes="3" failures="0" expectedFailures="0" skipped="false"/>
    </Section>
    <Section name="Scale matrix" filename="D:\cod_users\setienne\level-editor-starter\tests\matrix_tests.cpp" line="253">
      <OverallResults successes="3" failures="0" expectedFailures="0" skipped="false"/>
    </Section>
    <Section name="Rotation matrices" filename="D:\cod_users\setienne\level-editor-starter\tests\matrix_tests.cpp" line="265">
      <OverallResults successes="3" failures="0" expectedFailures="0" skipped="false"/>
    </Section>
    <Section name="Matrix determinant and inverse" filename="D:\cod_users\setienne\level-editor-starter\tests\matrix_tests.cpp" line="278">
      <OverallResults successes="10" failures="0" expectedFailures="0" skipped="false"/>
    </Section>
    <OverallResult success="true" skips="0"/>
  </TestCase>
  <TestCase name="ReferenceValidator detects undefined shader reference" tags="[reference-validator][T010][unit]" filename="D:\cod_users\setienne\level-editor-starter\tests\material_system_tests.cpp" line="945">
    <OverallResult success="true" skips="0">
      <StdOut>
[ERROR] MaterialParser: Shader file 'shaders/missing.hlsl' for shader 'vertex' in 'invalid_shader_mat' does not exist
      </StdOut>
    </OverallResult>
  </TestCase>
  <TestCase name="SetParentCommand for hierarchy manipulation" tags="[AF2.5][ecs-commands][unit]" filename="D:\cod_users\setienne\level-editor-starter\tests\ecs_command_tests.cpp" line="612">
    <Section name="SetParentCommand can be constructed with child and parent entities" filename="D:\cod_users\setienne\level-editor-starter\tests\ecs_command_tests.cpp" line="614">
      <OverallResults successes="1" failures="0" expectedFailures="0" skipped="false"/>
    </Section>
    <OverallResult success="true" skips="0"/>
  </TestCase>
  <TestCase name="MaterialDefinition::getPass returns correct pass by name" tags="[material-pass][T301][unit]" filename="D:\cod_users\setienne\level-editor-starter\tests\material_pass_tests.cpp" line="77">
    <OverallResult success="true" skips="0"/>
  </TestCase>
  <TestCase name="ReferenceValidator detects undefined state reference" tags="[reference-validator][T010][unit]" filename="D:\cod_users\setienne\level-editor-starter\tests\material_system_tests.cpp" line="897">
    <OverallResult success="true" skips="0">
      <StdOut>
[ERROR] Material 'invalid_state_mat': references undefined rasterizer state 'missing_state'
      </StdOut>
    </OverallResult>
  </TestCase>
  <TestCase name="Vec3 dot and cross" tags="[math][vec3]" filename="D:\cod_users\setienne\level-editor-starter\tests\vec_tests.cpp" line="23">
    <OverallResult success="true" skips="0"/>
  </TestCase>
  <TestCase name="PipelineBuilder uses blend state from MaterialSystem" tags="[integration][pipeline-builder][T207]" filename="D:\cod_users\setienne\level-editor-starter\tests\material_system_tests.cpp" line="2061">
    <OverallResult success="true" skips="0">
      <StdOut>
[INFO] D3D12 debug layer configured with console output integration
[INFO] MaterialSystem: initialized with 1 materials
      </StdOut>
    </OverallResult>
  </TestCase>
  <TestCase name="Transform component rotation matrix" tags="[components][rotation][transform]" filename="D:\cod_users\setienne\level-editor-starter\tests\components_tests.cpp" line="48">
    <OverallResult success="true" skips="0"/>
  </TestCase>
  <TestCase name="Asset instantiation workflow: Load ΓåÆ Create ΓåÆ Verify" tags="[AF1][integration][T8.8]" filename="D:\cod_users\setienne\level-editor-starter\tests\object_creation_integration_tests.cpp" line="35">
    <Section name="CreateEntityFromAssetCommand succeeds with valid asset" filename="D:\cod_users\setienne\level-editor-starter\tests\object_creation_integration_tests.cpp" line="46">
      <Skip filename="D:\cod_users\setienne\level-editor-starter\tests\object_creation_integration_tests.cpp" line="51">
        Test asset not found: D:\cod_users\setienne\level-editor-starter\assets\test\triangle.gltf
      </Skip>
      <OverallResults successes="0" failures="0" expectedFailures="0" skipped="true"/>
    </Section>
    <Section name="CreateEntityFromAssetCommand with parent creates child entity" filename="D:\cod_users\setienne\level-editor-starter\tests\object_creation_integration_tests.cpp" line="86">
      <Skip filename="D:\cod_users\setienne\level-editor-starter\tests\object_creation_integration_tests.cpp" line="91">
        Test asset not found: D:\cod_users\setienne\level-editor-starter\assets\test\triangle.gltf
      </Skip>
      <OverallResults successes="0" failures="0" expectedFailures="0" skipped="true"/>
    </Section>
    <Section name="Undo removes created entity completely" filename="D:\cod_users\setienne\level-editor-starter\tests\object_creation_integration_tests.cpp" line="135">
      <Skip filename="D:\cod_users\setienne\level-editor-starter\tests\object_creation_integration_tests.cpp" line="140">
        Test asset not found: D:\cod_users\setienne\level-editor-starter\assets\test\triangle.gltf
      </Skip>
      <OverallResults successes="0" failures="0" expectedFailures="0" skipped="true"/>
    </Section>
    <OverallResult success="true" skips="3">
      <StdOut>
[INFO] GPUResourceManager initialized successfully
[INFO] GPUResourceManager initialized successfully
[INFO] GPUResourceManager initialized successfully
[INFO] GPUResourceManager initialized successfully
      </StdOut>
    </OverallResult>
  </TestCase>
  <TestCase name="forEach Utility Comprehensive Coverage" tags="[ecs][forEach][iteration]" filename="D:\cod_users\setienne\level-editor-starter\tests\ecs_tests.cpp" line="1251">
    <Section name="forEach covers all entities with specified component type" filename="D:\cod_users\setienne\level-editor-starter\tests\ecs_tests.cpp" line="1255">
      <OverallResults successes="6" failures="0" expectedFailures="0" skipped="false"/>
    </Section>
    <Section name="forEach with Name components" filename="D:\cod_users\setienne\level-editor-starter\tests\ecs_tests.cpp" line="1314">
      <OverallResults successes="4" failures="0" expectedFailures="0" skipped="false"/>
    </Section>
    <Section name="forEach with Visible components" filename="D:\cod_users\setienne\level-editor-starter\tests\ecs_tests.cpp" line="1340">
      <OverallResults successes="3" failures="0" expectedFailures="0" skipped="false"/>
    </Section>
    <Section name="forEach on empty component type" filename="D:\cod_users\setienne\level-editor-starter\tests\ecs_tests.cpp" line="1374">
      <OverallResults successes="1" failures="0" expectedFailures="0" skipped="false"/>
    </Section>
    <Section name="forEach after component removal" filename="D:\cod_users\setienne\level-editor-starter\tests\ecs_tests.cpp" line="1388">
      <OverallResults successes="3" failures="0" expectedFailures="0" skipped="false"/>
    </Section>
    <Section name="forEach after entity destruction" filename="D:\cod_users\setienne\level-editor-starter\tests\ecs_tests.cpp" line="1420">
      <OverallResults successes="3" failures="0" expectedFailures="0" skipped="false"/>
    </Section>
    <OverallResult success="true" skips="0"/>
  </TestCase>
  <TestCase name="configureMaterials assigns default material when primitive has no material" tags="[default_material][gpu_resource_manager][mesh][unit]" filename="D:\cod_users\setienne\level-editor-starter\tests\gpu_resource_manager_tests.cpp" line="252">
    <OverallResult success="true" skips="0">
      <StdOut>
[INFO] D3D12 debug layer configured with console output integration
[INFO] GPUResourceManager initialized successfully
[WARNING] Primitive 0 has no material - assigned default material
      </StdOut>
    </OverallResult>
  </TestCase>
  <TestCase name="MeshRenderingSystem renders entities without Visible component" tags="[integration][T6.0][visibility]" filename="D:\cod_users\setienne\level-editor-starter\tests\visibility_integration_tests.cpp" line="69">
    <OverallResult success="true" skips="0">
      <StdOut>
[INFO] D3D12 debug layer configured with console output integration
[INFO] Shader Manager: Successfully compiled shader shaders/simple.hlsl (Vertex)
[INFO] Shader Manager: Successfully compiled shader shaders/simple.hlsl (Pixel)
[INFO] Shader Manager: Successfully compiled shader shaders/unlit.hlsl (Vertex)
[INFO] Shader Manager: Successfully compiled shader shaders/unlit.hlsl (Pixel)
[WARNING] MeshRenderingSystem: Created without SystemManager - parent-child hierarchy transforms will not work correctly
      </StdOut>
    </OverallResult>
  </TestCase>
  <TestCase name="ShaderManager Memory Management" tags="[memory][shader_manager]" filename="D:\cod_users\setienne\level-editor-starter\tests\shader_manager_tests.cpp" line="639">
    <Section name="Manager destruction cleans up resources" filename="D:\cod_users\setienne\level-editor-starter\tests\shader_manager_tests.cpp" line="643">
      <OverallResults successes="2" failures="0" expectedFailures="0" skipped="false"/>
    </Section>
    <OverallResult success="true" skips="0">
      <StdOut>
[INFO] Shader Manager: Successfully compiled shader C:\Users\setienne\AppData\Local\Temp\shader_manager_tests\test0.hlsl (Vertex)
[INFO] Shader Manager: Successfully compiled shader C:\Users\setienne\AppData\Local\Temp\shader_manager_tests\test1.hlsl (Vertex)
[INFO] Shader Manager: Successfully compiled shader C:\Users\setienne\AppData\Local\Temp\shader_manager_tests\test2.hlsl (Vertex)
[INFO] Shader Manager: Successfully compiled shader C:\Users\setienne\AppData\Local\Temp\shader_manager_tests\test3.hlsl (Vertex)
[INFO] Shader Manager: Successfully compiled shader C:\Users\setienne\AppData\Local\Temp\shader_manager_tests\test4.hlsl (Vertex)
[INFO] Shader Manager: Successfully compiled shader C:\Users\setienne\AppData\Local\Temp\shader_manager_tests\test5.hlsl (Vertex)
[INFO] Shader Manager: Successfully compiled shader C:\Users\setienne\AppData\Local\Temp\shader_manager_tests\test6.hlsl (Vertex)
[INFO] Shader Manager: Successfully compiled shader C:\Users\setienne\AppData\Local\Temp\shader_manager_tests\test7.hlsl (Vertex)
[INFO] Shader Manager: Successfully compiled shader C:\Users\setienne\AppData\Local\Temp\shader_manager_tests\test8.hlsl (Vertex)
[INFO] Shader Manager: Successfully compiled shader C:\Users\setienne\AppData\Local\Temp\shader_manager_tests\test9.hlsl (Vertex)
      </StdOut>
    </OverallResult>
  </TestCase>
  <TestCase name="EntityInspectorPanel - No selection shows empty state" tags="[entity_inspector][T2.1][unit]" filename="D:\cod_users\setienne\level-editor-starter\tests\entity_inspector_tests.cpp" line="54">
    <OverallResult success="true" skips="0"/>
  </TestCase>
  <TestCase name="Viewport Input Event Edge Cases" tags="[edge][input][viewport]" filename="D:\cod_users\setienne\level-editor-starter\tests\viewport_input_tests.cpp" line="127">
    <Section name="Large coordinate values" filename="D:\cod_users\setienne\level-editor-starter\tests\viewport_input_tests.cpp" line="129">
      <OverallResults successes="6" failures="0" expectedFailures="0" skipped="false"/>
    </Section>
    <Section name="Zero delta movement" filename="D:\cod_users\setienne\level-editor-starter\tests\viewport_input_tests.cpp" line="146">
      <OverallResults successes="3" failures="0" expectedFailures="0" skipped="false"/>
    </Section>
    <Section name="Invalid button indices" filename="D:\cod_users\setienne\level-editor-starter\tests\viewport_input_tests.cpp" line="158">
      <OverallResults successes="2" failures="0" expectedFailures="0" skipped="false"/>
    </Section>
    <Section name="Extreme wheel delta values" filename="D:\cod_users\setienne\level-editor-starter\tests\viewport_input_tests.cpp" line="169">
      <OverallResults successes="2" failures="0" expectedFailures="0" skipped="false"/>
    </Section>
    <OverallResult success="true" skips="0"/>
  </TestCase>
  <TestCase name="TransformSystem with rotation and scale" tags="[rotation_scale][systems][transform]" filename="D:\cod_users\setienne\level-editor-starter\tests\systems_tests.cpp" line="287">
    <OverallResult success="true" skips="0"/>
  </TestCase>
  <TestCase name="Dynamic buffer reuse vs growth" tags="[buffers][renderer]" filename="D:\cod_users\setienne\level-editor-starter\tests\renderer_tests.cpp" line="428">
    <OverallResult success="true" skips="0">
      <StdOut>
[INFO] D3D12 debug layer configured with console output integration
[INFO] Shader Manager: Successfully compiled shader shaders/simple.hlsl (Vertex)
[INFO] Shader Manager: Successfully compiled shader shaders/simple.hlsl (Pixel)
      </StdOut>
    </OverallResult>
  </TestCase>
  <TestCase name="PipelineBuilder caches PSOs per pass name" tags="[integration][pipeline-builder][T303]" filename="D:\cod_users\setienne\level-editor-starter\tests\pipeline_builder_multipass_tests.cpp" line="131">
